ARM Linker, 5.03 [Build 24] [MDK-ARM Professional]

==============================================================================

Section Cross References

    main.o(i.AD_Calibration_menu) refers to 24cxx.o(i.AT24CXX_Read) for AT24CXX_Read
    main.o(i.AD_Calibration_menu) refers to ffltui.o(.text) for __aeabi_ui2f
    main.o(i.AD_Calibration_menu) refers to fdiv.o(.text) for __aeabi_fdiv
    main.o(i.AD_Calibration_menu) refers to fadd.o(.text) for __aeabi_fadd
    main.o(i.AD_Calibration_menu) refers to main.o(i.Calibration_menu) for Calibration_menu
    main.o(i.AD_Calibration_menu) refers to main.o(i.display_time) for display_time
    main.o(i.AD_Calibration_menu) refers to ft5206.o(i.FT5206_Scan) for FT5206_Scan
    main.o(i.AD_Calibration_menu) refers to ft5206.o(i.Loosen_Lcd) for Loosen_Lcd
    main.o(i.AD_Calibration_menu) refers to main.o(i.speekers) for speekers
    main.o(i.AD_Calibration_menu) refers to lcd.o(i.AnJianPressed) for AnJianPressed
    main.o(i.AD_Calibration_menu) refers to lcd.o(i.Show_Str) for Show_Str
    main.o(i.AD_Calibration_menu) refers to lcd.o(i.Put_AnJian) for Put_AnJian
    main.o(i.AD_Calibration_menu) refers to main.o(.data) for pressAD_kint
    main.o(i.AD_Calibration_menu) refers to stm32f10x_it.o(.data) for press_k
    main.o(i.AD_Calibration_menu) refers to ft5206.o(.data) for ctp_dev
    main.o(i.AD_Calibration_menu) refers to fflti.o(.text) for __aeabi_i2f
    main.o(i.AD_Calibration_menu) refers to fmul.o(.text) for __aeabi_fmul
    main.o(i.AD_Calibration_menu) refers to ffixui.o(.text) for __aeabi_f2uiz
    main.o(i.AD_Calibration_menu) refers to f2d.o(.text) for __aeabi_f2d
    main.o(i.AD_Calibration_menu) refers to printfa.o(i.__0sprintf) for __2sprintf
    main.o(i.AD_Calibration_menu) refers to lcd.o(i.LCD_ShowString) for LCD_ShowString
    main.o(i.AD_Calibration_menu) refers to 24cxx.o(i.AT24CXX_Write) for AT24CXX_Write
    main.o(i.AD_Calibration_menu) refers to main.o(i.menu_setkeyboard) for menu_setkeyboard
    main.o(i.AD_Calibration_menu) refers to setup.o(i.Get_Adc_Average) for Get_Adc_Average
    main.o(i.AD_Calibration_menu) refers to main.o(i.menu_setting) for menu_setting
    main.o(i.AD_Calibration_menu) refers to main.o(i.menu_setting_key) for menu_setting_key
    main.o(i.AD_Calibration_menu) refers to main.o(i.menu1) for menu1
    main.o(i.AD_Calibration_menu) refers to main.o(i.menu_datacheck) for menu_datacheck
    main.o(i.AD_Calibration_menu) refers to main.o(i.menu_datacheck_key) for menu_datacheck_key
    main.o(i.AD_Calibration_menu) refers to main.o(i.menu_help) for menu_help
    main.o(i.Calibration_menu) refers to lcd.o(i.LCD_Fill) for LCD_Fill
    main.o(i.Calibration_menu) refers to lcd.o(i.Show_Str) for Show_Str
    main.o(i.Calibration_menu) refers to printfa.o(i.__0sprintf) for __2sprintf
    main.o(i.Calibration_menu) refers to lcd.o(i.LCD_ShowString) for LCD_ShowString
    main.o(i.Calibration_menu) refers to f2d.o(.text) for __aeabi_f2d
    main.o(i.Calibration_menu) refers to lcd.o(i.Put_AnJian) for Put_AnJian
    main.o(i.Calibration_menu) refers to lcd.o(.data) for BACK_COLOR
    main.o(i.Calibration_menu) refers to main.o(.data) for biaoding1
    main.o(i.Calibration_menu) refers to stm32f10x_it.o(.data) for press_k
    main.o(i.Data_Fullmenu) refers to lcd.o(i.LCD_Fill) for LCD_Fill
    main.o(i.Data_Fullmenu) refers to lcd.o(i.Show_Str) for Show_Str
    main.o(i.Data_Fullmenu) refers to lcd.o(i.Put_AnJian) for Put_AnJian
    main.o(i.Data_Fullmenu) refers to ft5206.o(i.FT5206_Scan) for FT5206_Scan
    main.o(i.Data_Fullmenu) refers to ft5206.o(i.Loosen_Lcd) for Loosen_Lcd
    main.o(i.Data_Fullmenu) refers to main.o(i.speekers) for speekers
    main.o(i.Data_Fullmenu) refers to main.o(i.menu1) for menu1
    main.o(i.Data_Fullmenu) refers to lcd.o(.data) for POINT_COLOR
    main.o(i.Data_Fullmenu) refers to ft5206.o(.data) for ctp_dev
    main.o(i.Data_Fullmenu) refers to main.o(.data) for key_value
    main.o(i.Erase_Waring) refers to lcd.o(i.LCD_Fill) for LCD_Fill
    main.o(i.Erase_Waring) refers to lcd.o(i.Show_Str) for Show_Str
    main.o(i.Erase_Waring) refers to lcd.o(i.Put_AnJian) for Put_AnJian
    main.o(i.Erase_Waring) refers to ft5206.o(i.FT5206_Scan) for FT5206_Scan
    main.o(i.Erase_Waring) refers to ft5206.o(i.Loosen_Lcd) for Loosen_Lcd
    main.o(i.Erase_Waring) refers to main.o(i.speekers) for speekers
    main.o(i.Erase_Waring) refers to flash.o(i.SPI_Flash_Erase_Sector) for SPI_Flash_Erase_Sector
    main.o(i.Erase_Waring) refers to setup.o(i.delay_ms) for delay_ms
    main.o(i.Erase_Waring) refers to 24cxx.o(i.AT24CXX_WriteOneByte) for AT24CXX_WriteOneByte
    main.o(i.Erase_Waring) refers to lcd.o(.data) for POINT_COLOR
    main.o(i.Erase_Waring) refers to ft5206.o(.data) for ctp_dev
    main.o(i.Erase_Waring) refers to main.o(.data) for key_value
    main.o(i.JianPan_Displayfu) refers to lcd.o(i.Put_AnJian) for Put_AnJian
[...]
    i.P_WriteData                            0x080046cc   Section        0  printer.o(i.P_WriteData)
    i.PendSV_Handler                         0x08004728   Section        0  stm32f10x_it.o(i.PendSV_Handler)
    i.PrintReport                            0x0800472c   Section        0  main.o(i.PrintReport)
    i.PrintStr                               0x08004c34   Section        0  printer.o(i.PrintStr)
    i.PrintStrNnum                           0x08004c50   Section        0  printer.o(i.PrintStrNnum)
    i.Printer_Init                           0x08004c78   Section        0  printer.o(i.Printer_Init)
    i.Put_AnJian                             0x08004d14   Section        0  lcd.o(i.Put_AnJian)
    i.RCC_AHBPeriphClockCmd                  0x080051d8   Section        0  stm32f10x_rcc.o(i.RCC_AHBPeriphClockCmd)
    i.RCC_APB1PeriphClockCmd                 0x080051f8   Section        0  stm32f10x_rcc.o(i.RCC_APB1PeriphClockCmd)
    i.RCC_APB2PeriphClockCmd                 0x08005218   Section        0  stm32f10x_rcc.o(i.RCC_APB2PeriphClockCmd)
    i.RCC_BackupResetCmd                     0x08005238   Section        0  stm32f10x_rcc.o(i.RCC_BackupResetCmd)
    i.RCC_Configuration                      0x08005244   Section        0  setup.o(i.RCC_Configuration)
    i.RCC_GetClocksFreq                      0x0800526c   Section        0  stm32f10x_rcc.o(i.RCC_GetClocksFreq)
    i.RCC_GetFlagStatus                      0x08005340   Section        0  stm32f10x_rcc.o(i.RCC_GetFlagStatus)
    i.RCC_LSEConfig                          0x0800537c   Section        0  stm32f10x_rcc.o(i.RCC_LSEConfig)
    i.RCC_RTCCLKCmd                          0x080053b0   Section        0  stm32f10x_rcc.o(i.RCC_RTCCLKCmd)
    i.RCC_RTCCLKConfig                       0x080053bc   Section        0  stm32f10x_rcc.o(i.RCC_RTCCLKConfig)
    i.RTC_EnterConfigMode                    0x080053cc   Section        0  stm32f10x_rtc.o(i.RTC_EnterConfigMode)
    i.RTC_ExitConfigMode                     0x080053e0   Section        0  stm32f10x_rtc.o(i.RTC_ExitConfigMode)
    i.RTC_Get                                0x080053f4   Section        0  rtc.o(i.RTC_Get)
    i.RTC_Get_Week                           0x080054fc   Section        0  rtc.o(i.RTC_Get_Week)
    i.RTC_IRQHandler                         0x08005574   Section        0  rtc.o(i.RTC_IRQHandler)
    i.RTC_ITConfig                           0x080055bc   Section        0  stm32f10x_rtc.o(i.RTC_ITConfig)
    i.RTC_Init                               0x080055dc   Section        0  rtc.o(i.RTC_Init)
    i.RTC_Set                                0x080056a4   Section        0  rtc.o(i.RTC_Set)
    i.RTC_SetPrescaler                       0x080057b4   Section        0  stm32f10x_rtc.o(i.RTC_SetPrescaler)
    i.RTC_WaitForLastTask                    0x080057d4   Section        0  stm32f10x_rtc.o(i.RTC_WaitForLastTask)
    i.RTC_WaitForSynchro                     0x080057e8   Section        0  stm32f10x_rtc.o(i.RTC_WaitForSynchro)
    i.ReceiveByte_USART2                     0x08005808   Section        0  serial.o(i.ReceiveByte_USART2)
    i.SPI1_Init                              0x0800585c   Section        0  spi.o(i.SPI1_Init)
    i.SPI1_ReadWriteByte                     0x08005924   Section        0  spi.o(i.SPI1_ReadWriteByte)
    i.SPI2_Init                              0x0800596c   Section        0  spi.o(i.SPI2_Init)
    i.SPI2_ReadWriteByte                     0x080059f0   Section        0  spi.o(i.SPI2_ReadWriteByte)
    i.SPI2_SetSpeed                          0x08005a44   Section        0  spi.o(i.SPI2_SetSpeed)
    i.SPI_AD8341_Init                        0x08005a6c   Section        0  ads8341.o(i.SPI_AD8341_Init)
    i.SPI_Cmd                                0x08005aa0   Section        0  stm32f10x_spi.o(i.SPI_Cmd)
    i.SPI_FLASH_Write_Enable                 0x08005ab8   Section        0  flash.o(i.SPI_FLASH_Write_Enable)
    i.SPI_Flash_Erase_Sector                 0x08005adc   Section        0  flash.o(i.SPI_Flash_Erase_Sector)
    i.SPI_Flash_Init                         0x08005b24   Section        0  flash.o(i.SPI_Flash_Init)
    i.SPI_Flash_Read                         0x08005b5c   Section        0  flash.o(i.SPI_Flash_Read)
    i.SPI_Flash_ReadSR                       0x08005bb0   Section        0  flash.o(i.SPI_Flash_ReadSR)
    i.SPI_Flash_Wait_Busy                    0x08005be0   Section        0  flash.o(i.SPI_Flash_Wait_Busy)
    i.SPI_Flash_Write                        0x08005bf0   Section        0  flash.o(i.SPI_Flash_Write)
    i.SPI_Flash_Write_NoCheck                0x08005ca4   Section        0  flash.o(i.SPI_Flash_Write_NoCheck)
    i.SPI_Flash_Write_Page                   0x08005cec   Section        0  flash.o(i.SPI_Flash_Write_Page)
    i.SPI_I2S_GetFlagStatus                  0x08005d44   Section        0  stm32f10x_spi.o(i.SPI_I2S_GetFlagStatus)
    i.SPI_I2S_ReceiveData                    0x08005d56   Section        0  stm32f10x_spi.o(i.SPI_I2S_ReceiveData)
    i.SPI_I2S_SendData                       0x08005d5c   Section        0  stm32f10x_spi.o(i.SPI_I2S_SendData)
    i.SPI_Init                               0x08005d60   Section        0  stm32f10x_spi.o(i.SPI_Init)
    i.SVC_Handler                            0x08005d9c   Section        0  stm32f10x_it.o(i.SVC_Handler)
    i.ScanKeyBoard                           0x08005da0   Section        0  main.o(i.ScanKeyBoard)
    i.SendByte_USART2                        0x0800617c   Section        0  serial.o(i.SendByte_USART2)
    i.SendFirstByte_USART2                   0x080061dc   Section        0  serial.o(i.SendFirstByte_USART2)
    i.Sendout_uart1_CLJ260                   0x0800620c   Section        0  serial.o(i.Sendout_uart1_CLJ260)
    i.Sendout_uart1_Flowmeter                0x080062f0   Section        0  serial.o(i.Sendout_uart1_Flowmeter)
    i.SetSysClock                            0x08006370   Section        0  system_stm32f10x.o(i.SetSysClock)
    SetSysClock                              0x08006371   Thumb Code     8  system_stm32f10x.o(i.SetSysClock)
    i.SetSysClockTo72                        0x08006378   Section        0  system_stm32f10x.o(i.SetSysClockTo72)
    SetSysClockTo72                          0x08006379   Thumb Code   212  system_stm32f10x.o(i.SetSysClockTo72)
    i.Show_Excel                             0x08006454   Section        0  main.o(i.Show_Excel)
    i.Show_GB16                              0x08006758   Section        0  lcd.o(i.Show_GB16)
    i.Show_GB24                              0x080068cc   Section        0  lcd.o(i.Show_GB24)
    i.Show_GB32                              0x08006a54   Section        0  lcd.o(i.Show_GB32)
    i.Show_Str                               0x08006bc8   Section        0  lcd.o(i.Show_Str)
    i.SysTick_Handler                        0x08006cba   Section        0  stm32f10x_it.o(i.SysTick_Handler)
    i.SystemInit                             0x08006cbc   Section        0  system_stm32f10x.o(i.SystemInit)
    i.TIM4_IRQHandler                        0x08006d1c   Section        0  stm32f10x_it.o(i.TIM4_IRQHandler)
    i.TIM4_Int_Init                          0x08006e04   Section        0  setup.o(i.TIM4_Int_Init)
    i.TIM_ClearITPendingBit                  0x08006e68   Section        0  stm32f10x_tim.o(i.TIM_ClearITPendingBit)
    i.TIM_Cmd                                0x08006e6e   Section        0  stm32f10x_tim.o(i.TIM_Cmd)
    i.TIM_GetITStatus                        0x08006e86   Section        0  stm32f10x_tim.o(i.TIM_GetITStatus)
    i.TIM_ITConfig                           0x08006ea8   Section        0  stm32f10x_tim.o(i.TIM_ITConfig)
    i.TIM_TimeBaseInit                       0x08006ebc   Section        0  stm32f10x_tim.o(i.TIM_TimeBaseInit)
    i.Test_DataSave                          0x08006f60   Section        0  main.o(i.Test_DataSave)
    i.Test_Function                          0x080070e4   Section        0  main.o(i.Test_Function)
    i.USART2_IRQHandler                      0x08007278   Section        0  stm32f10x_it.o(i.USART2_IRQHandler)
    i.USART2_Rece                            0x080072b4   Section        0  serial.o(i.USART2_Rece)
    i.USART2_Send                            0x080072f8   Section        0  serial.o(i.USART2_Send)
    i.USART_ClearITPendingBit                0x08007328   Section        0  stm32f10x_usart.o(i.USART_ClearITPendingBit)
    i.USART_Cmd                              0x08007346   Section        0  stm32f10x_usart.o(i.USART_Cmd)
    i.USART_Com                              0x0800735e   Section        0  serial.o(i.USART_Com)
    i.USART_Configuration                    0x0800736c   Section        0  setup.o(i.USART_Configuration)
    i.USART_GetITStatus                      0x08007400   Section        0  stm32f10x_usart.o(i.USART_GetITStatus)
    i.USART_ITConfig                         0x08007454   Section        0  stm32f10x_usart.o(i.USART_ITConfig)
    i.USART_Init                             0x080074a0   Section        0  stm32f10x_usart.o(i.USART_Init)
    i.USART_ReceiveData                      0x08007578   Section        0  stm32f10x_usart.o(i.USART_ReceiveData)
    i.USART_SendData                         0x08007582   Section        0  stm32f10x_usart.o(i.USART_SendData)
    i.UsageFault_Handler                     0x0800758a   Section        0  stm32f10x_it.o(i.UsageFault_Handler)
    i.ZD_Port                                0x08007590   Section        0  serial.o(i.ZD_Port)
    i.__0sprintf                             0x08007740   Section        0  printfa.o(i.__0sprintf)
    i.__scatterload_copy                     0x08007768   Section       14  handlers.o(i.__scatterload_copy)
    i.__scatterload_null                     0x08007776   Section        2  handlers.o(i.__scatterload_null)
    i.__scatterload_zeroinit                 0x08007778   Section       14  handlers.o(i.__scatterload_zeroinit)
    i._fp_digits                             0x08007788   Section        0  printfa.o(i._fp_digits)
    _fp_digits                               0x08007789   Thumb Code   326  printfa.o(i._fp_digits)
    i._printf_core                           0x080078e4   Section        0  printfa.o(i._printf_core)
    _printf_core                             0x080078e5   Thumb Code  1762  printfa.o(i._printf_core)
    i._printf_post_padding                   0x08007fd4   Section        0  printfa.o(i._printf_post_padding)
    _printf_post_padding                     0x08007fd5   Thumb Code    38  printfa.o(i._printf_post_padding)
    i._printf_pre_padding                    0x08007ffa   Section        0  printfa.o(i._printf_pre_padding)
    _printf_pre_padding                      0x08007ffb   Thumb Code    48  printfa.o(i._printf_pre_padding)
    i._sputc                                 0x0800802a   Section        0  printfa.o(i._sputc)
    _sputc                                   0x0800802b   Thumb Code    10  printfa.o(i._sputc)
    i.delay1ms                               0x08008034   Section        0  24cxx.o(i.delay1ms)
    i.delay_ms                               0x08008052   Section        0  setup.o(i.delay_ms)
    i.delay_us                               0x0800806c   Section        0  setup.o(i.delay_us)
    i.delayms                                0x08008084   Section        0  printer.o(i.delayms)
    i.display_Dust                           0x080080a0   Section        0  main.o(i.display_Dust)
    i.display_Flow                           0x08008368   Section        0  main.o(i.display_Flow)
    i.display_press                          0x08008440   Section        0  main.o(i.display_press)
    i.display_time                           0x080084ec   Section        0  main.o(i.display_time)
    i.gui_draw_hline                         0x08008604   Section        0  lcd.o(i.gui_draw_hline)
    i.gui_draw_vline                         0x08008628   Section        0  lcd.o(i.gui_draw_vline)
    i.gui_fill_circle                        0x0800864c   Section        0  lcd.o(i.gui_fill_circle)
    i.key_function                           0x080086fc   Section        0  main.o(i.key_function)
    i.lcd_draw_bline                         0x08008cd0   Section        0  lcd.o(i.lcd_draw_bline)
    i.main                                   0x08008d80   Section        0  main.o(i.main)
    i.menu1                                  0x08008f30   Section        0  main.o(i.menu1)
    i.menu_FlowError                         0x080095ac   Section        0  main.o(i.menu_FlowError)
    i.menu_datacheck                         0x080097b8   Section        0  main.o(i.menu_datacheck)
    i.menu_datacheck_key                     0x08009d7c   Section        0  main.o(i.menu_datacheck_key)
    i.menu_help                              0x0800a270   Section        0  main.o(i.menu_help)
    i.menu_password                          0x0800a6f4   Section        0  main.o(i.menu_password)
    i.menu_pressError                        0x0800ab24   Section        0  main.o(i.menu_pressError)
    i.menu_setkeyboard                       0x0800ad3c   Section        0  main.o(i.menu_setkeyboard)
    i.menu_setting                           0x0800b5f0   Section        0  main.o(i.menu_setting)
    i.menu_setting_key                       0x0800ba3c   Section        0  main.o(i.menu_setting_key)
    i.menu_start                             0x0800c138   Section        0  main.o(i.menu_start)
    i.menu_start_keytest                     0x0800c2a4   Section        0  main.o(i.menu_start_keytest)
    i.menu_warning_keycheck                  0x0800c344   Section        0  main.o(i.menu_warning_keycheck)
    i.menu_warning_press                     0x0800c6c8   Section        0  main.o(i.menu_warning_press)
    i.pprint                                 0x0800c82c   Section        0  printer.o(i.pprint)
    i.speekers                               0x0800c8b4   Section        0  main.o(i.speekers)
    .constdata                               0x0800c8d8   Section     3521  picture.o(.constdata)
    .constdata                               0x0800d699   Section       24  rtc.o(.constdata)
    .constdata                               0x0800d6b1   Section    28254  lcd.o(.constdata)
    .constdata                               0x08014510   Section       10  ft5206.o(.constdata)
    .constdata                               0x0801451a   Section      512  crc16.o(.constdata)
    .data                                    0x20000000   Section      140  main.o(.data)
    mdata                                    0x2000006c   Data           8  main.o(.data)
    flow_flag                                0x20000074   Data           1  main.o(.data)
    model_flag                               0x20000075   Data           1  main.o(.data)
    key_value                                0x20000076   Data           1  main.o(.data)
    set_numkey                               0x20000077   Data           1  main.o(.data)
    number                                   0x20000078   Data           2  main.o(.data)
    Test_num                                 0x2000007a   Data           1  main.o(.data)
    passwordcorrect                          0x2000007b   Data           1  main.o(.data)
    Stop_Flag                                0x2000007e   Data           1  main.o(.data)
    Error_Flag                               0x2000007f   Data           1  main.o(.data)
    Error_Num_Flow                           0x20000080   Data           1  main.o(.data)
    .data                                    0x2000008c   Section       12  stm32f10x_it.o(.data)
    .data                                    0x20000098   Section        2  rtc.o(.data)
    daycnt                                   0x20000098   Data           2  rtc.o(.data)
    .data                                    0x2000009a   Section        1  printer.o(.data)
    .data                                    0x2000009c   Section       14  lcd.o(.data)
    .data                                    0x200000ac   Section       33  ft5206.o(.data)
    t                                        0x200000cc   Data           1  ft5206.o(.data)
    .data                                    0x200000cd   Section        2  crc16.o(.data)
    .data                                    0x200000cf   Section       20  stm32f10x_rcc.o(.data)
    APBAHBPrescTable                         0x200000cf   Data          16  stm32f10x_rcc.o(.data)
    ADCPrescTable                            0x200000df   Data           4  stm32f10x_rcc.o(.data)
    .bss                                     0x200000e4   Section       26  main.o(.bss)
    .bss                                     0x200000fe   Section     4096  flash.o(.bss)
    .bss                                     0x200010fe   Section       10  rtc.o(.bss)
    .bss                                     0x20001108   Section       14  lcd.o(.bss)
    .bss                                     0x20001118   Section     1670  serial.o(.bss)
    STACK                                    0x200017a0   Section    12288  startup_stm32f10x_hd.o(STACK)

    Global Symbols

    Symbol Name                              Value     Ov Type        Size  Object(Section)

    BuildAttributes$$THM_ISAv4$P$D$K$B$S$PE$A:L22UL41UL21$X:L11$S22US41US21$IEEE1$IW$USESV6$~STKCKD$USESV7$~SHL$OTIME$ROPI$EBA8$MICROLIB$REQ8$PRES8$EABIv2 0x00000000   Number         0  anon$$obj.o ABSOLUTE
    __ARM_use_no_argv                        0x00000000   Number         0  main.o ABSOLUTE
    __use_no_errno                           0x00000000   Number         0  useno.o ABSOLUTE
    __use_no_exception_handling              0x00000000   Number         0  useno.o ABSOLUTE
    __use_no_fp                              0x00000000   Number         0  useno.o ABSOLUTE
    __use_no_heap                            0x00000000   Number         0  useno.o ABSOLUTE
    __use_no_heap_region                     0x00000000   Number         0  useno.o ABSOLUTE
    __use_no_semihosting                     0x00000000   Number         0  useno.o ABSOLUTE
    __use_no_semihosting_swi                 0x00000000   Number         0  useno.o ABSOLUTE
    __use_no_signal_handling                 0x00000000   Number         0  useno.o ABSOLUTE
    _printf_a                                0x00000000   Number         0  stubs.o ABSOLUTE
    _printf_c                                0x00000000   Number         0  stubs.o ABSOLUTE
    _printf_charcount                        0x00000000   Number         0  stubs.o ABSOLUTE
    _printf_d                                0x00000000   Number         0  stubs.o ABSOLUTE
    _printf_e                                0x00000000   Number         0  stubs.o ABSOLUTE
    _printf_f                                0x00000000   Number         0  stubs.o ABSOLUTE
    _printf_flags                            0x00000000   Number         0  stubs.o ABSOLUTE
    _printf_fp_dec                           0x00000000   Number         0  stubs.o ABSOLUTE
    _printf_fp_hex                           0x00000000   Number         0  stubs.o ABSOLUTE
    _printf_g                                0x00000000   Number         0  stubs.o ABSOLUTE
    _printf_i                                0x00000000   Number         0  stubs.o ABSOLUTE
    _printf_int_dec                          0x00000000   Number         0  stubs.o ABSOLUTE
    _printf_l                                0x00000000   Number         0  stubs.o ABSOLUTE
    _printf_lc                               0x00000000   Number         0  stubs.o ABSOLUTE
    _printf_ll                               0x00000000   Number         0  stubs.o ABSOLUTE
    _printf_lld                              0x00000000   Number         0  stubs.o ABSOLUTE
    _printf_lli                              0x00000000   Number         0  stubs.o ABSOLUTE
    _printf_llo                              0x00000000   Number         0  stubs.o ABSOLUTE
    _printf_llu                              0x00000000   Number         0  stubs.o ABSOLUTE
    _printf_llx                              0x00000000   Number         0  stubs.o ABSOLUTE
    _printf_longlong_dec                     0x00000000   Number         0  stubs.o ABSOLUTE
    _printf_longlong_hex                     0x00000000   Number         0  stubs.o ABSOLUTE
    _printf_longlong_oct                     0x00000000   Number         0  stubs.o ABSOLUTE
    _printf_ls                               0x00000000   Number         0  stubs.o ABSOLUTE
    _printf_mbtowc                           0x00000000   Number         0  stubs.o ABSOLUTE
    _printf_n                                0x00000000   Number         0  stubs.o ABSOLUTE
    _printf_o                                0x00000000   Number         0  stubs.o ABSOLUTE
    _printf_p                                0x00000000   Number         0  stubs.o ABSOLUTE
    _printf_percent                          0x00000000   Number         0  stubs.o ABSOLUTE
    _printf_pre_padding                      0x00000000   Number         0  stubs.o ABSOLUTE
    _printf_return_value                     0x00000000   Number         0  stubs.o ABSOLUTE
    _printf_s                                0x00000000   Number         0  stubs.o ABSOLUTE
    _printf_sizespec                         0x00000000   Number         0  stubs.o ABSOLUTE
    _printf_str                              0x00000000   Number         0  stubs.o ABSOLUTE
    _printf_truncate_signed                  0x00000000   Number         0  stubs.o ABSOLUTE
    _printf_truncate_unsigned                0x00000000   Number         0  stubs.o ABSOLUTE
    _printf_u                                0x00000000   Number         0  stubs.o ABSOLUTE
    _printf_wc                               0x00000000   Number         0  stubs.o ABSOLUTE
    _printf_wctomb                           0x00000000   Number         0  stubs.o ABSOLUTE
    _printf_widthprec                        0x00000000   Number         0  stubs.o ABSOLUTE
    _printf_x                                0x00000000   Number         0  stubs.o ABSOLUTE
    __cpp_initialize__aeabi_                  - Undefined Weak Reference
    __cxa_finalize                            - Undefined Weak Reference
    __decompress                              - Undefined Weak Reference
    _clock_init                               - Undefined Weak Reference
    _microlib_exit                            - Undefined Weak Reference
    __Vectors_Size                           0x00000130   Number         0  startup_stm32f10x_hd.o ABSOLUTE
    __Vectors                                0x08000000   Data           4  startup_stm32f10x_hd.o(RESET)
    __Vectors_End                            0x08000130   Data           0  startup_stm32f10x_hd.o(RESET)
    __main                                   0x08000131   Thumb Code     0  entry.o(.ARM.Collect$$$$00000000)
    _main_stk                                0x08000131   Thumb Code     0  entry2.o(.ARM.Collect$$$$00000001)
    _main_scatterload                        0x08000135   Thumb Code     0  entry5.o(.ARM.Collect$$$$00000004)
    __main_after_scatterload                 0x08000139   Thumb Code     0  entry5.o(.ARM.Collect$$$$00000004)
    _main_clock                              0x08000139   Thumb Code     0  entry7b.o(.ARM.Collect$$$$00000008)
    _main_cpp_init                           0x08000139   Thumb Code     0  entry8b.o(.ARM.Collect$$$$0000000A)
    _main_init                               0x08000139   Thumb Code     0  entry9a.o(.ARM.Collect$$$$0000000B)
    __rt_final_cpp                           0x08000141   Thumb Code     0  entry10a.o(.ARM.Collect$$$$0000000D)
    __rt_final_exit                          0x08000141   Thumb Code     0  entry11a.o(.ARM.Collect$$$$0000000F)
    Reset_Handler                            0x08000145   Thumb Code     8  startup_stm32f10x_hd.o(.text)
    ADC1_2_IRQHandler                        0x0800015f   Thumb Code     0  startup_stm32f10x_hd.o(.text)
    ADC3_IRQHandler                          0x0800015f   Thumb Code     0  startup_stm32f10x_hd.o(.text)
    CAN1_RX1_IRQHandler                      0x0800015f   Thumb Code     0  startup_stm32f10x_hd.o(.text)
    CAN1_SCE_IRQHandler                      0x0800015f   Thumb Code     0  startup_stm32f10x_hd.o(.text)
    DMA1_Channel1_IRQHandler                 0x0800015f   Thumb Code     0  startup_stm32f10x_hd.o(.text)
    DMA1_Channel2_IRQHandler                 0x0800015f   Thumb Code     0  startup_stm32f10x_hd.o(.text)
    DMA1_Channel3_IRQHandler                 0x0800015f   Thumb Code     0  startup_stm32f10x_hd.o(.text)
    DMA1_Channel4_IRQHandler                 0x0800015f   Thumb Code     0  startup_stm32f10x_hd.o(.text)
    DMA1_Channel5_IRQHandler                 0x0800015f   Thumb Code     0  startup_stm32f10x_hd.o(.text)
    DMA1_Channel6_IRQHandler                 0x0800015f   Thumb Code     0  startup_stm32f10x_hd.o(.text)
    DMA1_Channel7_IRQHandler                 0x0800015f   Thumb Code     0  startup_stm32f10x_hd.o(.text)
    DMA2_Channel1_IRQHandler                 0x0800015f   Thumb Code     0  startup_stm32f10x_hd.o(.text)
    DMA2_Channel2_IRQHandler                 0x0800015f   Thumb Code     0  startup_stm32f10x_hd.o(.text)
    DMA2_Channel3_IRQHandler                 0x0800015f   Thumb Code     0  startup_stm32f10x_hd.o(.text)
    DMA2_Channel4_5_IRQHandler               0x0800015f   Thumb Code     0  startup_stm32f10x_hd.o(.text)
    EXTI0_IRQHandler                         0x0800015f   Thumb Code     0  startup_stm32f10x_hd.o(.text)
    EXTI15_10_IRQHandler                     0x0800015f   Thumb Code     0  startup_stm32f10x_hd.o(.text)
    EXTI1_IRQHandler                         0x0800015f   Thumb Code     0  startup_stm32f10x_hd.o(.text)
    EXTI2_IRQHandler                         0x0800015f   Thumb Code     0  startup_stm32f10x_hd.o(.text)
    EXTI3_IRQHandler                         0x0800015f   Thumb Code     0  startup_stm32f10x_hd.o(.text)
    EXTI4_IRQHandler                         0x0800015f   Thumb Code     0  startup_stm32f10x_hd.o(.text)
    EXTI9_5_IRQHandler                       0x0800015f   Thumb Code     0  startup_stm32f10x_hd.o(.text)
    FLASH_IRQHandler                         0x0800015f   Thumb Code     0  startup_stm32f10x_hd.o(.text)
    FSMC_IRQHandler                          0x0800015f   Thumb Code     0  startup_stm32f10x_hd.o(.text)
    I2C1_ER_IRQHandler                       0x0800015f   Thumb Code     0  startup_stm32f10x_hd.o(.text)
    I2C1_EV_IRQHandler                       0x0800015f   Thumb Code     0  startup_stm32f10x_hd.o(.text)
    I2C2_ER_IRQHandler                       0x0800015f   Thumb Code     0  startup_stm32f10x_hd.o(.text)
    I2C2_EV_IRQHandler                       0x0800015f   Thumb Code     0  startup_stm32f10x_hd.o(.text)
    PVD_IRQHandler                           0x0800015f   Thumb Code     0  startup_stm32f10x_hd.o(.text)
    RCC_IRQHandler                           0x0800015f   Thumb Code     0  startup_stm32f10x_hd.o(.text)
    RTCAlarm_IRQHandler                      0x0800015f   Thumb Code     0  startup_stm32f10x_hd.o(.text)
    SDIO_IRQHandler                          0x0800015f   Thumb Code     0  startup_stm32f10x_hd.o(.text)
    SPI1_IRQHandler                          0x0800015f   Thumb Code     0  startup_stm32f10x_hd.o(.text)
    SPI2_IRQHandler                          0x0800015f   Thumb Code     0  startup_stm32f10x_hd.o(.text)
    SPI3_IRQHandler                          0x0800015f   Thumb Code     0  startup_stm32f10x_hd.o(.text)
    TAMPER_IRQHandler                        0x0800015f   Thumb Code     0  startup_stm32f10x_hd.o(.text)
    TIM1_BRK_IRQHandler                      0x0800015f   Thumb Code     0  startup_stm32f10x_hd.o(.text)
    TIM1_CC_IRQHandler                       0x0800015f   Thumb Code     0  startup_stm32f10x_hd.o(.text)
    TIM1_TRG_COM_IRQHandler                  0x0800015f   Thumb Code     0  startup_stm32f10x_hd.o(.text)
    TIM1_UP_IRQHandler                       0x0800015f   Thumb Code     0  startup_stm32f10x_hd.o(.text)
    TIM2_IRQHandler                          0x0800015f   Thumb Code     0  startup_stm32f10x_hd.o(.text)
    TIM3_IRQHandler                          0x0800015f   Thumb Code     0  startup_stm32f10x_hd.o(.text)
    TIM5_IRQHandler                          0x0800015f   Thumb Code     0  startup_stm32f10x_hd.o(.text)
    TIM6_IRQHandler                          0x0800015f   Thumb Code     0  startup_stm32f10x_hd.o(.text)
    TIM7_IRQHandler                          0x0800015f   Thumb Code     0  startup_stm32f10x_hd.o(.text)
    TIM8_BRK_IRQHandler                      0x0800015f   Thumb Code     0  startup_stm32f10x_hd.o(.text)
    TIM8_CC_IRQHandler                       0x0800015f   Thumb Code     0  startup_stm32f10x_hd.o(.text)
    TIM8_TRG_COM_IRQHandler                  0x0800015f   Thumb Code     0  startup_stm32f10x_hd.o(.text)
    TIM8_UP_IRQHandler                       0x0800015f   Thumb Code     0  startup_stm32f10x_hd.o(.text)
    UART4_IRQHandler                         0x0800015f   Thumb Code     0  startup_stm32f10x_hd.o(.text)
    UART5_IRQHandler                         0x0800015f   Thumb Code     0  startup_stm32f10x_hd.o(.text)
    USART1_IRQHandler                        0x0800015f   Thumb Code     0  startup_stm32f10x_hd.o(.text)
    USART3_IRQHandler                        0x0800015f   Thumb Code     0  startup_stm32f10x_hd.o(.text)
    USBWakeUp_IRQHandler                     0x0800015f   Thumb Code     0  startup_stm32f10x_hd.o(.text)
    USB_HP_CAN1_TX_IRQHandler                0x0800015f   Thumb Code     0  startup_stm32f10x_hd.o(.text)
    USB_LP_CAN1_RX0_IRQHandler               0x0800015f   Thumb Code     0  startup_stm32f10x_hd.o(.text)
    WWDG_IRQHandler                          0x0800015f   Thumb Code     0  startup_stm32f10x_hd.o(.text)
    __aeabi_fadd                             0x08000169   Thumb Code   164  fadd.o(.text)
    __aeabi_fsub                             0x0800020d   Thumb Code     6  fadd.o(.text)
    __aeabi_frsub                            0x08000213   Thumb Code     6  fadd.o(.text)
    __aeabi_fmul                             0x08000219   Thumb Code   108  fmul.o(.text)
    __aeabi_fdiv                             0x08000285   Thumb Code   128  fdiv.o(.text)
    __aeabi_dadd                             0x08000305   Thumb Code   322  dadd.o(.text)
    __aeabi_dsub                             0x08000447   Thumb Code     6  dadd.o(.text)
    __aeabi_drsub                            0x0800044d   Thumb Code     6  dadd.o(.text)
    __aeabi_dmul                             0x08000453   Thumb Code   228  dmul.o(.text)
    __aeabi_ddiv                             0x08000537   Thumb Code   222  ddiv.o(.text)
    __aeabi_i2f                              0x08000615   Thumb Code    18  fflti.o(.text)
    __aeabi_ui2f                             0x08000627   Thumb Code    10  ffltui.o(.text)
    __aeabi_ui2d                             0x08000631   Thumb Code    26  dfltui.o(.text)
    __aeabi_f2uiz                            0x0800064b   Thumb Code    40  ffixui.o(.text)
    __aeabi_d2uiz                            0x08000673   Thumb Code    50  dfixui.o(.text)
    __aeabi_f2d                              0x080006a5   Thumb Code    38  f2d.o(.text)
    __aeabi_cfcmpeq                          0x080006cd   Thumb Code     0  cfcmple.o(.text)
    __aeabi_cfcmple                          0x080006cd   Thumb Code    20  cfcmple.o(.text)
    __aeabi_cfrcmple                         0x080006e1   Thumb Code    20  cfrcmple.o(.text)
    __aeabi_uidiv                            0x080006f5   Thumb Code     0  uidiv.o(.text)
    __aeabi_uidivmod                         0x080006f5   Thumb Code    44  uidiv.o(.text)
    __aeabi_uldivmod                         0x08000721   Thumb Code    98  uldiv.o(.text)
    __aeabi_llsl                             0x08000783   Thumb Code    30  llshl.o(.text)
    _ll_shift_l                              0x08000783   Thumb Code     0  llshl.o(.text)
    __aeabi_llsr                             0x080007a1   Thumb Code    32  llushr.o(.text)
    _ll_ushift_r                             0x080007a1   Thumb Code     0  llushr.o(.text)
    __aeabi_lasr                             0x080007c1   Thumb Code    36  llsshr.o(.text)
    _ll_sshift_r                             0x080007c1   Thumb Code     0  llsshr.o(.text)
    __I$use$fp                               0x080007e5   Thumb Code     0  iusefp.o(.text)
    _float_round                             0x080007e5   Thumb Code    18  fepilogue.o(.text)
    _float_epilogue                          0x080007f7   Thumb Code    90  fepilogue.o(.text)
    _double_round                            0x08000851   Thumb Code    26  depilogue.o(.text)
    _double_epilogue                         0x0800086b   Thumb Code   164  depilogue.o(.text)
    __aeabi_d2ulz                            0x0800090f   Thumb Code    48  dfixul.o(.text)
    __aeabi_cdrcmple                         0x08000941   Thumb Code    38  cdrcmple.o(.text)
    __scatterload                            0x08000969   Thumb Code    28  init.o(.text)
    __scatterload_rt2                        0x08000969   Thumb Code     0  init.o(.text)
    AD_Calibration_menu                      0x0800098d   Thumb Code  2056  main.o(i.AD_Calibration_menu)
    AT24CXX_Check                            0x080011e5   Thumb Code    46  24cxx.o(i.AT24CXX_Check)
    AT24CXX_Init                             0x08001213   Thumb Code     8  24cxx.o(i.AT24CXX_Init)
    AT24CXX_Read                             0x0800121b   Thumb Code    34  24cxx.o(i.AT24CXX_Read)
    AT24CXX_ReadOneByte                      0x0800123d   Thumb Code    88  24cxx.o(i.AT24CXX_ReadOneByte)
    AT24CXX_Write                            0x08001295   Thumb Code    36  24cxx.o(i.AT24CXX_Write)
    AT24CXX_WriteOneByte                     0x080012b9   Thumb Code    80  24cxx.o(i.AT24CXX_WriteOneByte)
    Adc_Init                                 0x08001309   Thumb Code   322  setup.o(i.Adc_Init)
    AnJianPressed                            0x08001461   Thumb Code  1214  lcd.o(i.AnJianPressed)
    BKP_DeInit                               0x08001925   Thumb Code    16  stm32f10x_bkp.o(i.BKP_DeInit)
    BKP_ReadBackupRegister                   0x08001935   Thumb Code    24  stm32f10x_bkp.o(i.BKP_ReadBackupRegister)
    BKP_WriteBackupRegister                  0x08001951   Thumb Code    22  stm32f10x_bkp.o(i.BKP_WriteBackupRegister)
    BusFault_Handler                         0x0800196d   Thumb Code     4  stm32f10x_it.o(i.BusFault_Handler)
    CT_IIC_Ack                               0x08001971   Thumb Code    76  ctiic.o(i.CT_IIC_Ack)
    CT_IIC_Init                              0x080019cd   Thumb Code    72  ctiic.o(i.CT_IIC_Init)
    CT_IIC_NAck                              0x08001a1d   Thumb Code    76  ctiic.o(i.CT_IIC_NAck)
    CT_IIC_Read_Byte                         0x08001a79   Thumb Code    98  ctiic.o(i.CT_IIC_Read_Byte)
    CT_IIC_Send_Byte                         0x08001aed   Thumb Code   100  ctiic.o(i.CT_IIC_Send_Byte)
    CT_IIC_Start                             0x08001b61   Thumb Code    68  ctiic.o(i.CT_IIC_Start)
    CT_IIC_Stop                              0x08001bb1   Thumb Code    60  ctiic.o(i.CT_IIC_Stop)
    CT_IIC_Wait_Ack                          0x08001bfd   Thumb Code    86  ctiic.o(i.CT_IIC_Wait_Ack)
    Cal_CRC                                  0x08001c69   Thumb Code    50  crc16.o(i.Cal_CRC)
    Calibration_menu                         0x08001cad   Thumb Code   612  main.o(i.Calibration_menu)
    DataProcess                              0x08001f7d   Thumb Code   916  serial.o(i.DataProcess)
    Data_Fullmenu                            0x08002375   Thumb Code   286  main.o(i.Data_Fullmenu)
    DebugMon_Handler                         0x080024cd   Thumb Code     2  stm32f10x_it.o(i.DebugMon_Handler)
    Erase_Waring                             0x080024d1   Thumb Code   490  main.o(i.Erase_Waring)
    FSMC_NORSRAMCmd                          0x08002709   Thumb Code    46  stm32f10x_fsmc.o(i.FSMC_NORSRAMCmd)
    FSMC_NORSRAMInit                         0x0800273d   Thumb Code   224  stm32f10x_fsmc.o(i.FSMC_NORSRAMInit)
    FT5206_Init                              0x0800281d   Thumb Code   236  ft5206.o(i.FT5206_Init)
    FT5206_RD_Reg                            0x0800291d   Thumb Code    88  ft5206.o(i.FT5206_RD_Reg)
    FT5206_Scan                              0x08002975   Thumb Code   312  ft5206.o(i.FT5206_Scan)
    FT5206_WR_Reg                            0x08002ab9   Thumb Code    82  ft5206.o(i.FT5206_WR_Reg)
    GPIO_Configuration                       0x08002b0d   Thumb Code    76  setup.o(i.GPIO_Configuration)
    GPIO_Init                                0x08002b61   Thumb Code   274  stm32f10x_gpio.o(i.GPIO_Init)
    GPIO_ResetBits                           0x08002c73   Thumb Code     4  stm32f10x_gpio.o(i.GPIO_ResetBits)
    GPIO_SetBits                             0x08002c77   Thumb Code     4  stm32f10x_gpio.o(i.GPIO_SetBits)
    GUI_LoadLine                             0x08002c7d   Thumb Code   120  lcd.o(i.GUI_LoadLine)
    GUI_LoadPic                              0x08002d01   Thumb Code    56  lcd.o(i.GUI_LoadPic)
    GUI_Point                                0x08002d39   Thumb Code    26  lcd.o(i.GUI_Point)
    GUI_SetColor                             0x08002d59   Thumb Code    10  lcd.o(i.GUI_SetColor)
    Get_Adc                                  0x08002d6d   Thumb Code    62  setup.o(i.Get_Adc)
    Get_Adc_Average                          0x08002db1   Thumb Code    42  setup.o(i.Get_Adc_Average)
    HardFault_Handler                        0x08002ddb   Thumb Code     4  stm32f10x_it.o(i.HardFault_Handler)
    IIC_Ack                                  0x08002de1   Thumb Code    68  myiic.o(i.IIC_Ack)
    IIC_Init                                 0x08002e31   Thumb Code    52  myiic.o(i.IIC_Init)
    IIC_NAck                                 0x08002e6d   Thumb Code    64  myiic.o(i.IIC_NAck)
    IIC_Read_Byte                            0x08002eb9   Thumb Code    98  myiic.o(i.IIC_Read_Byte)
    IIC_Send_Byte                            0x08002f2d   Thumb Code   102  myiic.o(i.IIC_Send_Byte)
    IIC_Start                                0x08002fa5   Thumb Code    64  myiic.o(i.IIC_Start)
    IIC_Stop                                 0x08002ff1   Thumb Code    62  myiic.o(i.IIC_Stop)
    IIC_Wait_Ack                             0x0800303d   Thumb Code    82  myiic.o(i.IIC_Wait_Ack)
    InitHardware                             0x080030a5   Thumb Code    32  setup.o(i.InitHardware)
    Is_Leap_Year                             0x080030c5   Thumb Code    58  rtc.o(i.Is_Leap_Year)
    JianPan_Displayfu                        0x08003101   Thumb Code   960  main.o(i.JianPan_Displayfu)
    LCD_BackLightSet                         0x08003579   Thumb Code    80  lcd.o(i.LCD_BackLightSet)
    LCD_Clear                                0x080035cd   Thumb Code    36  lcd.o(i.LCD_Clear)
    LCD_CtrlLinesConfig                      0x080035f9   Thumb Code   206  setup.o(i.LCD_CtrlLinesConfig)
    LCD_Display_Dir                          0x080036e5   Thumb Code    76  lcd.o(i.LCD_Display_Dir)
    LCD_DrawLine                             0x08003735   Thumb Code   176  lcd.o(i.LCD_DrawLine)
    LCD_DrawPoint                            0x080037e5   Thumb Code    28  lcd.o(i.LCD_DrawPoint)
    LCD_DrawRectangle                        0x08003809   Thumb Code    60  lcd.o(i.LCD_DrawRectangle)
    LCD_FSMCConfig                           0x08003845   Thumb Code   110  setup.o(i.LCD_FSMCConfig)
    LCD_Fill                                 0x080038b5   Thumb Code    80  lcd.o(i.LCD_Fill)
    LCD_Init                                 0x08003909   Thumb Code   490  lcd.o(i.LCD_Init)
    LCD_Pow                                  0x08003af9   Thumb Code    22  lcd.o(i.LCD_Pow)
    LCD_RD_DATA                              0x08003b11   Thumb Code     6  lcd.o(i.LCD_RD_DATA)
    LCD_Scan_Dir                             0x08003b1d   Thumb Code   276  lcd.o(i.LCD_Scan_Dir)
    LCD_SetCursor                            0x08003c35   Thumb Code   150  lcd.o(i.LCD_SetCursor)
    LCD_ShowChar                             0x08003cd1   Thumb Code   416  lcd.o(i.LCD_ShowChar)
    LCD_ShowNum                              0x08003e89   Thumb Code   148  lcd.o(i.LCD_ShowNum)
    LCD_ShowString                           0x08003f1d   Thumb Code   102  lcd.o(i.LCD_ShowString)
    LCD_ShowxNum                             0x08003f83   Thumb Code   190  lcd.o(i.LCD_ShowxNum)
    LCD_WR_DATA                              0x08004041   Thumb Code     6  lcd.o(i.LCD_WR_DATA)
    LCD_WR_REG                               0x0800404d   Thumb Code     6  lcd.o(i.LCD_WR_REG)
    LCD_WriteRAM_Prepare                     0x08004059   Thumb Code    10  lcd.o(i.LCD_WriteRAM_Prepare)
    LCD_WriteReg                             0x0800406d   Thumb Code    10  lcd.o(i.LCD_WriteReg)
    Loosen_Lcd                               0x0800407d   Thumb Code    34  ft5206.o(i.Loosen_Lcd)
    MY_NVIC_Init                             0x080040a5   Thumb Code   114  setup.o(i.MY_NVIC_Init)
    MY_NVIC_PriorityGroupConfig              0x08004125   Thumb Code    32  setup.o(i.MY_NVIC_PriorityGroupConfig)
    MemManage_Handler                        0x0800414d   Thumb Code     4  stm32f10x_it.o(i.MemManage_Handler)
    NMI_Handler                              0x08004151   Thumb Code     2  stm32f10x_it.o(i.NMI_Handler)
    NVIC_Init                                0x08004155   Thumb Code   102  misc.o(i.NVIC_Init)
    No_LoadTest_orclearMenu                  0x080041c9   Thumb Code  1266  main.o(i.No_LoadTest_orclearMenu)
    PWR_BackupAccessCmd                      0x080046c1   Thumb Code     6  stm32f10x_pwr.o(i.PWR_BackupAccessCmd)
    P_WriteData                              0x080046cd   Thumb Code    76  printer.o(i.P_WriteData)
    PendSV_Handler                           0x08004729   Thumb Code     2  stm32f10x_it.o(i.PendSV_Handler)
    PrintReport                              0x0800472d   Thumb Code  1288  main.o(i.PrintReport)
    PrintStr                                 0x08004c35   Thumb Code    28  printer.o(i.PrintStr)
    PrintStrNnum                             0x08004c51   Thumb Code    38  printer.o(i.PrintStrNnum)
    Printer_Init                             0x08004c79   Thumb Code   142  printer.o(i.Printer_Init)
    Put_AnJian                               0x08004d15   Thumb Code  1214  lcd.o(i.Put_AnJian)
    RCC_AHBPeriphClockCmd                    0x080051d9   Thumb Code    26  stm32f10x_rcc.o(i.RCC_AHBPeriphClockCmd)
    RCC_APB1PeriphClockCmd                   0x080051f9   Thumb Code    26  stm32f10x_rcc.o(i.RCC_APB1PeriphClockCmd)
    RCC_APB2PeriphClockCmd                   0x08005219   Thumb Code    26  stm32f10x_rcc.o(i.RCC_APB2PeriphClockCmd)
    RCC_BackupResetCmd                       0x08005239   Thumb Code     6  stm32f10x_rcc.o(i.RCC_BackupResetCmd)
    RCC_Configuration                        0x08005245   Thumb Code    40  setup.o(i.RCC_Configuration)
    RCC_GetClocksFreq                        0x0800526d   Thumb Code   192  stm32f10x_rcc.o(i.RCC_GetClocksFreq)
    RCC_GetFlagStatus                        0x08005341   Thumb Code    56  stm32f10x_rcc.o(i.RCC_GetFlagStatus)
    RCC_LSEConfig                            0x0800537d   Thumb Code    44  stm32f10x_rcc.o(i.RCC_LSEConfig)
    RCC_RTCCLKCmd                            0x080053b1   Thumb Code     6  stm32f10x_rcc.o(i.RCC_RTCCLKCmd)
    RCC_RTCCLKConfig                         0x080053bd   Thumb Code    12  stm32f10x_rcc.o(i.RCC_RTCCLKConfig)
    RTC_EnterConfigMode                      0x080053cd   Thumb Code    14  stm32f10x_rtc.o(i.RTC_EnterConfigMode)
    RTC_ExitConfigMode                       0x080053e1   Thumb Code    16  stm32f10x_rtc.o(i.RTC_ExitConfigMode)
    RTC_Get                                  0x080053f5   Thumb Code   242  rtc.o(i.RTC_Get)
    RTC_Get_Week                             0x080054fd   Thumb Code   114  rtc.o(i.RTC_Get_Week)
    RTC_IRQHandler                           0x08005575   Thumb Code    66  rtc.o(i.RTC_IRQHandler)
    RTC_ITConfig                             0x080055bd   Thumb Code    26  stm32f10x_rtc.o(i.RTC_ITConfig)
    RTC_Init                                 0x080055dd   Thumb Code   200  rtc.o(i.RTC_Init)
    RTC_Set                                  0x080056a5   Thumb Code   244  rtc.o(i.RTC_Set)
    RTC_SetPrescaler                         0x080057b5   Thumb Code    26  stm32f10x_rtc.o(i.RTC_SetPrescaler)
    RTC_WaitForLastTask                      0x080057d5   Thumb Code    14  stm32f10x_rtc.o(i.RTC_WaitForLastTask)
    RTC_WaitForSynchro                       0x080057e9   Thumb Code    28  stm32f10x_rtc.o(i.RTC_WaitForSynchro)
    ReceiveByte_USART2                       0x08005809   Thumb Code    70  serial.o(i.ReceiveByte_USART2)
    SPI1_Init                                0x0800585d   Thumb Code   182  spi.o(i.SPI1_Init)
    SPI1_ReadWriteByte                       0x08005925   Thumb Code    66  spi.o(i.SPI1_ReadWriteByte)
    SPI2_Init                                0x0800596d   Thumb Code   124  spi.o(i.SPI2_Init)
    SPI2_ReadWriteByte                       0x080059f1   Thumb Code    78  spi.o(i.SPI2_ReadWriteByte)
    SPI2_SetSpeed                            0x08005a45   Thumb Code    36  spi.o(i.SPI2_SetSpeed)
    SPI_AD8341_Init                          0x08005a6d   Thumb Code    48  ads8341.o(i.SPI_AD8341_Init)
    SPI_Cmd                                  0x08005aa1   Thumb Code    24  stm32f10x_spi.o(i.SPI_Cmd)
    SPI_FLASH_Write_Enable                   0x08005ab9   Thumb Code    26  flash.o(i.SPI_FLASH_Write_Enable)
    SPI_Flash_Erase_Sector                   0x08005add   Thumb Code    64  flash.o(i.SPI_Flash_Erase_Sector)
    SPI_Flash_Init                           0x08005b25   Thumb Code    52  flash.o(i.SPI_Flash_Init)
    SPI_Flash_Read                           0x08005b5d   Thumb Code    80  flash.o(i.SPI_Flash_Read)
    SPI_Flash_ReadSR                         0x08005bb1   Thumb Code    38  flash.o(i.SPI_Flash_ReadSR)
    SPI_Flash_Wait_Busy                      0x08005be1   Thumb Code    16  flash.o(i.SPI_Flash_Wait_Busy)
    SPI_Flash_Write                          0x08005bf1   Thumb Code   176  flash.o(i.SPI_Flash_Write)
    SPI_Flash_Write_NoCheck                  0x08005ca5   Thumb Code    70  flash.o(i.SPI_Flash_Write_NoCheck)
    SPI_Flash_Write_Page                     0x08005ced   Thumb Code    82  flash.o(i.SPI_Flash_Write_Page)
    SPI_I2S_GetFlagStatus                    0x08005d45   Thumb Code    18  stm32f10x_spi.o(i.SPI_I2S_GetFlagStatus)
    SPI_I2S_ReceiveData                      0x08005d57   Thumb Code     6  stm32f10x_spi.o(i.SPI_I2S_ReceiveData)
    SPI_I2S_SendData                         0x08005d5d   Thumb Code     4  stm32f10x_spi.o(i.SPI_I2S_SendData)
    SPI_Init                                 0x08005d61   Thumb Code    60  stm32f10x_spi.o(i.SPI_Init)
    SVC_Handler                              0x08005d9d   Thumb Code     2  stm32f10x_it.o(i.SVC_Handler)
    ScanKeyBoard                             0x08005da1   Thumb Code   980  main.o(i.ScanKeyBoard)
    SendByte_USART2                          0x0800617d   Thumb Code    88  serial.o(i.SendByte_USART2)
    SendFirstByte_USART2                     0x080061dd   Thumb Code    40  serial.o(i.SendFirstByte_USART2)
    Sendout_uart1_CLJ260                     0x0800620d   Thumb Code   212  serial.o(i.Sendout_uart1_CLJ260)
    Sendout_uart1_Flowmeter                  0x080062f1   Thumb Code   110  serial.o(i.Sendout_uart1_Flowmeter)
    Show_Excel                               0x08006455   Thumb Code   628  main.o(i.Show_Excel)
    Show_GB16                                0x08006759   Thumb Code   358  lcd.o(i.Show_GB16)
    Show_GB24                                0x080068cd   Thumb Code   378  lcd.o(i.Show_GB24)
    Show_GB32                                0x08006a55   Thumb Code   360  lcd.o(i.Show_GB32)
    Show_Str                                 0x08006bc9   Thumb Code   242  lcd.o(i.Show_Str)
    SysTick_Handler                          0x08006cbb   Thumb Code     2  stm32f10x_it.o(i.SysTick_Handler)
    SystemInit                               0x08006cbd   Thumb Code    78  system_stm32f10x.o(i.SystemInit)
    TIM4_IRQHandler                          0x08006d1d   Thumb Code   198  stm32f10x_it.o(i.TIM4_IRQHandler)
    TIM4_Int_Init                            0x08006e05   Thumb Code    92  setup.o(i.TIM4_Int_Init)
    TIM_ClearITPendingBit                    0x08006e69   Thumb Code     6  stm32f10x_tim.o(i.TIM_ClearITPendingBit)
    TIM_Cmd                                  0x08006e6f   Thumb Code    24  stm32f10x_tim.o(i.TIM_Cmd)
    TIM_GetITStatus                          0x08006e87   Thumb Code    34  stm32f10x_tim.o(i.TIM_GetITStatus)
    TIM_ITConfig                             0x08006ea9   Thumb Code    18  stm32f10x_tim.o(i.TIM_ITConfig)
    TIM_TimeBaseInit                         0x08006ebd   Thumb Code   122  stm32f10x_tim.o(i.TIM_TimeBaseInit)
    Test_DataSave                            0x08006f61   Thumb Code   328  main.o(i.Test_DataSave)
    Test_Function                            0x080070e5   Thumb Code   332  main.o(i.Test_Function)
    USART2_IRQHandler                        0x08007279   Thumb Code    56  stm32f10x_it.o(i.USART2_IRQHandler)
    USART2_Rece                              0x080072b5   Thumb Code    60  serial.o(i.USART2_Rece)
    USART2_Send                              0x080072f9   Thumb Code    44  serial.o(i.USART2_Send)
    USART_ClearITPendingBit                  0x08007329   Thumb Code    30  stm32f10x_usart.o(i.USART_ClearITPendingBit)
    USART_Cmd                                0x08007347   Thumb Code    24  stm32f10x_usart.o(i.USART_Cmd)
    USART_Com                                0x0800735f   Thumb Code    12  serial.o(i.USART_Com)
    USART_Configuration                      0x0800736d   Thumb Code   138  setup.o(i.USART_Configuration)
    USART_GetITStatus                        0x08007401   Thumb Code    84  stm32f10x_usart.o(i.USART_GetITStatus)
    USART_ITConfig                           0x08007455   Thumb Code    74  stm32f10x_usart.o(i.USART_ITConfig)
    USART_Init                               0x080074a1   Thumb Code   210  stm32f10x_usart.o(i.USART_Init)
    USART_ReceiveData                        0x08007579   Thumb Code    10  stm32f10x_usart.o(i.USART_ReceiveData)
    USART_SendData                           0x08007583   Thumb Code     8  stm32f10x_usart.o(i.USART_SendData)
    UsageFault_Handler                       0x0800758b   Thumb Code     4  stm32f10x_it.o(i.UsageFault_Handler)
    ZD_Port                                  0x08007591   Thumb Code   404  serial.o(i.ZD_Port)
    __0sprintf                               0x08007741   Thumb Code    34  printfa.o(i.__0sprintf)
    __1sprintf                               0x08007741   Thumb Code     0  printfa.o(i.__0sprintf)
    __2sprintf                               0x08007741   Thumb Code     0  printfa.o(i.__0sprintf)
    __c89sprintf                             0x08007741   Thumb Code     0  printfa.o(i.__0sprintf)
    sprintf                                  0x08007741   Thumb Code     0  printfa.o(i.__0sprintf)
    __scatterload_copy                       0x08007769   Thumb Code    14  handlers.o(i.__scatterload_copy)
    __scatterload_null                       0x08007777   Thumb Code     2  handlers.o(i.__scatterload_null)
    __scatterload_zeroinit                   0x08007779   Thumb Code    14  handlers.o(i.__scatterload_zeroinit)
    delay1ms                                 0x08008035   Thumb Code    30  24cxx.o(i.delay1ms)
    delay_ms                                 0x08008053   Thumb Code    26  setup.o(i.delay_ms)
    delay_us                                 0x0800806d   Thumb Code    24  setup.o(i.delay_us)
    delayms                                  0x08008085   Thumb Code    28  printer.o(i.delayms)
    display_Dust                             0x080080a1   Thumb Code   626  main.o(i.display_Dust)
    display_Flow                             0x08008369   Thumb Code   178  main.o(i.display_Flow)
    display_press                            0x08008441   Thumb Code   146  main.o(i.display_press)
    display_time                             0x080084ed   Thumb Code   256  main.o(i.display_time)
    gui_draw_hline                           0x08008605   Thumb Code    36  lcd.o(i.gui_draw_hline)
    gui_draw_vline                           0x08008629   Thumb Code    36  lcd.o(i.gui_draw_vline)
    gui_fill_circle                          0x0800864d   Thumb Code   176  lcd.o(i.gui_fill_circle)
    key_function                             0x080086fd   Thumb Code  1426  main.o(i.key_function)
    lcd_draw_bline                           0x08008cd1   Thumb Code   174  lcd.o(i.lcd_draw_bline)
    main                                     0x08008d81   Thumb Code   356  main.o(i.main)
    menu1                                    0x08008f31   Thumb Code  1596  main.o(i.menu1)
    menu_FlowError                           0x080095ad   Thumb Code   422  main.o(i.menu_FlowError)
    menu_datacheck                           0x080097b9   Thumb Code  1462  main.o(i.menu_datacheck)
    menu_datacheck_key                       0x08009d7d   Thumb Code  1256  main.o(i.menu_datacheck_key)
    menu_help                                0x0800a271   Thumb Code   968  main.o(i.menu_help)
    menu_password                            0x0800a6f5   Thumb Code   998  main.o(i.menu_password)
    menu_pressError                          0x0800ab25   Thumb Code   430  main.o(i.menu_pressError)
    menu_setkeyboard                         0x0800ad3d   Thumb Code  2210  main.o(i.menu_setkeyboard)
    menu_setting                             0x0800b5f1   Thumb Code   934  main.o(i.menu_setting)
    menu_setting_key                         0x0800ba3d   Thumb Code  1726  main.o(i.menu_setting_key)
    menu_start                               0x0800c139   Thumb Code   220  main.o(i.menu_start)
    menu_start_keytest                       0x0800c2a5   Thumb Code   150  main.o(i.menu_start_keytest)
    menu_warning_keycheck                    0x0800c345   Thumb Code   666  main.o(i.menu_warning_keycheck)
    menu_warning_press                       0x0800c6c9   Thumb Code   290  main.o(i.menu_warning_press)
    pprint                                   0x0800c82d   Thumb Code   110  printer.o(i.pprint)
    speekers                                 0x0800c8b5   Thumb Code    32  main.o(i.speekers)
    gImage_logo                              0x0800c8d8   Data        1705  picture.o(.constdata)
    gImage_off                               0x0800cf81   Data         258  picture.o(.constdata)
    gImage_on                                0x0800d083   Data         258  picture.o(.constdata)
    gImage_gl_logo                           0x0800d185   Data        1300  picture.o(.constdata)
    table_week                               0x0800d699   Data          12  rtc.o(.constdata)
    mon_table                                0x0800d6a5   Data          12  rtc.o(.constdata)
    codeGB_16                                0x0800d6b1   Data        1292  lcd.o(.constdata)
    codeGB_24                                0x0800dbbd   Data        9694  lcd.o(.constdata)
    asc2_1608                                0x0801019b   Data        1520  lcd.o(.constdata)
    asc2_2412                                0x0801078b   Data        3420  lcd.o(.constdata)
    asc2_3216                                0x080114e7   Data        6080  lcd.o(.constdata)
    codeGB_32                                0x08012ca7   Data        6240  lcd.o(.constdata)
    DCB2HEX_TAB                              0x08014507   Data           8  lcd.o(.constdata)
    FT5206_TPX_TBL                           0x08014510   Data          10  ft5206.o(.constdata)
    auchCRCHi                                0x0801451a   Data         256  crc16.o(.constdata)
    auchCRCLo                                0x0801461a   Data         256  crc16.o(.constdata)
    Region$$Table$$Base                      0x0801471c   Number         0  anon$$obj.o(Region$$Table)
    Region$$Table$$Limit                     0x0801473c   Number         0  anon$$obj.o(Region$$Table)
    CLJ_R260_UpAddr                          0x20000000   Data           1  main.o(.data)
    CLJ_R260_DownAddr                        0x20000001   Data           1  main.o(.data)
    Flow_meter                               0x20000002   Data           1  main.o(.data)
    Flow_set                                 0x20000003   Data           1  main.o(.data)
    start_testflag                           0x20000004   Data           1  main.o(.data)
    No_Loadorclear_Flag                      0x20000005   Data           1  main.o(.data)
    RTC_250MS                                0x20000006   Data           1  main.o(.data)
    RTC_500MS                                0x20000007   Data           1  main.o(.data)
    RTC_12000MS                              0x20000008   Data           1  main.o(.data)
    RTC_13000MS                              0x20000009   Data           1  main.o(.data)
    RTC_2500MS                               0x2000000a   Data           1  main.o(.data)
    CLJ_START                                0x2000000b   Data           1  main.o(.data)
    CLJ_close                                0x2000000c   Data           1  main.o(.data)
    AD1value                                 0x2000000e   Data           2  main.o(.data)
    AD2value                                 0x20000010   Data           2  main.o(.data)
    biaoding1                                0x20000012   Data           2  main.o(.data)
    biaoding2                                0x20000014   Data           2  main.o(.data)
    press_zeroAD                             0x20000016   Data           2  main.o(.data)
    Test_succesflag                          0x20000018   Data           1  main.o(.data)
    press                                    0x2000001a   Data           2  main.o(.data)
    Flow                                     0x2000001c   Data           4  main.o(.data)
    Data_checkNum                            0x20000020   Data           1  main.o(.data)
    Data_Time_down                           0x20000021   Data           1  main.o(.data)
    Dust_03_Up                               0x20000024   Data           4  main.o(.data)
    Dust_05_Up                               0x20000028   Data           4  main.o(.data)
    Dust_1_Up                                0x2000002c   Data           4  main.o(.data)
    Dust_3_Up                                0x20000030   Data           4  main.o(.data)
    Dust_5_Up                                0x20000034   Data           4  main.o(.data)
    Dust_10_Up                               0x20000038   Data           4  main.o(.data)
    Dust_03_Down                             0x2000003c   Data           4  main.o(.data)
    Dust_05_Down                             0x20000040   Data           4  main.o(.data)
    Dust_1_Down                              0x20000044   Data           4  main.o(.data)
    Dust_3_Down                              0x20000048   Data           4  main.o(.data)
    Dust_5_Down                              0x2000004c   Data           4  main.o(.data)
    Dust_10_Down                             0x20000050   Data           4  main.o(.data)
    Efficiency_03                            0x20000054   Data           4  main.o(.data)
    Efficiency_05                            0x20000058   Data           4  main.o(.data)
    Efficiency_1                             0x2000005c   Data           4  main.o(.data)
    Efficiency_3                             0x20000060   Data           4  main.o(.data)
    Efficiency_5                             0x20000064   Data           4  main.o(.data)
    Efficiency_10                            0x20000068   Data           4  main.o(.data)
    Test_over                                0x2000007c   Data           1  main.o(.data)
    No_Load                                  0x2000007d   Data           1  main.o(.data)
    pressAD_kint                             0x20000082   Data           2  main.o(.data)
    pressAD_kfloat                           0x20000084   Data           2  main.o(.data)
    pressAD_cint                             0x20000086   Data           2  main.o(.data)
    pressAD_cfloat                           0x20000088   Data           2  main.o(.data)
    pressADvalue                             0x2000008a   Data           2  main.o(.data)
    OS_TimeMS                                0x2000008c   Data           2  stm32f10x_it.o(.data)
    press_k                                  0x20000090   Data           4  stm32f10x_it.o(.data)
    press_c                                  0x20000094   Data           4  stm32f10x_it.o(.data)
    GU8_PrintFinishIcon                      0x2000009a   Data           1  printer.o(.data)
    POINT_COLOR                              0x2000009c   Data           2  lcd.o(.data)
    BACK_COLOR                               0x2000009e   Data           2  lcd.o(.data)
    GU16_key_color                           0x200000a0   Data           2  lcd.o(.data)
    GU16_bordercolor_light                   0x200000a2   Data           2  lcd.o(.data)
    GU16_bordercolor_dark                    0x200000a4   Data           2  lcd.o(.data)
    disp_color                               0x200000a6   Data           2  lcd.o(.data)
    back_color                               0x200000a8   Data           2  lcd.o(.data)
    ctp_dev                                  0x200000ac   Data          32  ft5206.o(.data)
    CRCHigh                                  0x200000cd   Data           1  crc16.o(.data)
    CRCLow                                   0x200000ce   Data           1  crc16.o(.data)
    Dust                                     0x200000e4   Data          26  main.o(.bss)
    SPI_FLASH_BUF                            0x200000fe   Data        4096  flash.o(.bss)
    calendar                                 0x200010fe   Data          10  rtc.o(.bss)
    lcddev                                   0x20001108   Data          14  lcd.o(.bss)
    U2DS                                     0x20001118   Data          20  serial.o(.bss)
    AllBuf                                   0x2000112c   Data        1650  serial.o(.bss)
    __initial_sp                             0x200047a0   Data           0  startup_stm32f10x_hd.o(STACK)



==============================================================================

Memory Map of the image

  Image Entry point : 0x08000131

  Load Region LR_IROM1 (Base: 0x08000000, Size: 0x00014820, Max: 0x00080000, ABSOLUTE)

    Execution Region ER_IROM1 (Base: 0x08000000, Size: 0x0001473c, Max: 0x00080000, ABSOLUTE)

    Base Addr    Size         Type   Attr      Idx    E Section Name        Object

    0x08000000   0x00000130   Data   RO         3369    RESET               startup_stm32f10x_hd.o
    0x08000130   0x00000000   Code   RO         3374  * .ARM.Collect$$$$00000000  mc_w.l(entry.o)
    0x08000130   0x00000004   Code   RO         3670    .ARM.Collect$$$$00000001  mc_w.l(entry2.o)
    0x08000134   0x00000004   Code   RO         3673    .ARM.Collect$$$$00000004  mc_w.l(entry5.o)
    0x08000138   0x00000000   Code   RO         3675    .ARM.Collect$$$$00000008  mc_w.l(entry7b.o)
    0x08000138   0x00000000   Code   RO         3677    .ARM.Collect$$$$0000000A  mc_w.l(entry8b.o)
    0x08000138   0x00000008   Code   RO         3678    .ARM.Collect$$$$0000000B  mc_w.l(entry9a.o)
    0x08000140   0x00000000   Code   RO         3680    .ARM.Collect$$$$0000000D  mc_w.l(entry10a.o)
    0x08000140   0x00000000   Code   RO         3682    .ARM.Collect$$$$0000000F  mc_w.l(entry11a.o)
    0x08000140   0x00000004   Code   RO         3671    .ARM.Collect$$$$00002712  mc_w.l(entry2.o)
    0x08000144   0x00000024   Code   RO         3370    .text               startup_stm32f10x_hd.o
    0x08000168   0x000000b0   Code   RO         3640    .text               mf_w.l(fadd.o)
    0x08000218   0x0000006c   Code   RO         3642    .text               mf_w.l(fmul.o)
    0x08000284   0x00000080   Code   RO         3644    .text               mf_w.l(fdiv.o)
    0x08000304   0x0000014e   Code   RO         3646    .text               mf_w.l(dadd.o)
    0x08000452   0x000000e4   Code   RO         3648    .text               mf_w.l(dmul.o)
    0x08000536   0x000000de   Code   RO         3650    .text               mf_w.l(ddiv.o)
    0x08000614   0x00000012   Code   RO         3652    .text               mf_w.l(fflti.o)
    0x08000626   0x0000000a   Code   RO         3654    .text               mf_w.l(ffltui.o)
    0x08000630   0x0000001a   Code   RO         3656    .text               mf_w.l(dfltui.o)
    0x0800064a   0x00000028   Code   RO         3658    .text               mf_w.l(ffixui.o)
    0x08000672   0x00000032   Code   RO         3660    .text               mf_w.l(dfixui.o)
    0x080006a4   0x00000026   Code   RO         3662    .text               mf_w.l(f2d.o)
    0x080006ca   0x00000002   PAD
    0x080006cc   0x00000014   Code   RO         3666    .text               mf_w.l(cfcmple.o)
    0x080006e0   0x00000014   Code   RO         3668    .text               mf_w.l(cfrcmple.o)
    0x080006f4   0x0000002c   Code   RO         3684    .text               mc_w.l(uidiv.o)
    0x08000720   0x00000062   Code   RO         3686    .text               mc_w.l(uldiv.o)
    0x08000782   0x0000001e   Code   RO         3688    .text               mc_w.l(llshl.o)
    0x080007a0   0x00000020   Code   RO         3690    .text               mc_w.l(llushr.o)
    0x080007c0   0x00000024   Code   RO         3692    .text               mc_w.l(llsshr.o)
    0x080007e4   0x00000000   Code   RO         3694    .text               mc_w.l(iusefp.o)
    0x080007e4   0x0000006c   Code   RO         3695    .text               mf_w.l(fepilogue.o)
    0x08000850   0x000000be   Code   RO         3697    .text               mf_w.l(depilogue.o)
    0x0800090e   0x00000030   Code   RO         3699    .text               mf_w.l(dfixul.o)
    0x0800093e   0x00000002   PAD
    0x08000940   0x00000028   Code   RO         3701    .text               mf_w.l(cdrcmple.o)
    0x08000968   0x00000024   Code   RO         3703    .text               mc_w.l(init.o)
    0x0800098c   0x00000858   Code   RO            1    i.AD_Calibration_menu  main.o
    0x080011e4   0x0000002e   Code   RO          557    i.AT24CXX_Check     24cxx.o
    0x08001212   0x00000008   Code   RO          558    i.AT24CXX_Init      24cxx.o
    0x0800121a   0x00000022   Code   RO          559    i.AT24CXX_Read      24cxx.o
    0x0800123c   0x00000058   Code   RO          561    i.AT24CXX_ReadOneByte  24cxx.o
    0x08001294   0x00000024   Code   RO          562    i.AT24CXX_Write     24cxx.o
    0x080012b8   0x00000050   Code   RO          564    i.AT24CXX_WriteOneByte  24cxx.o
    0x08001308   0x00000158   Code   RO          440    i.Adc_Init          setup.o
    0x08001460   0x000004c4   Code   RO          969    i.AnJianPressed     lcd.o
    0x08001924   0x00000010   Code   RO         3006    i.BKP_DeInit        stm32f10x_bkp.o
    0x08001934   0x0000001c   Code   RO         3011    i.BKP_ReadBackupRegister  stm32f10x_bkp.o
    0x08001950   0x0000001c   Code   RO         3015    i.BKP_WriteBackupRegister  stm32f10x_bkp.o
    0x0800196c   0x00000004   Code   RO          354    i.BusFault_Handler  stm32f10x_it.o
    0x08001970   0x0000005c   Code   RO          912    i.CT_IIC_Ack        ctiic.o
    0x080019cc   0x00000050   Code   RO          913    i.CT_IIC_Init       ctiic.o
    0x08001a1c   0x0000005c   Code   RO          914    i.CT_IIC_NAck       ctiic.o
    0x08001a78   0x00000074   Code   RO          915    i.CT_IIC_Read_Byte  ctiic.o
    0x08001aec   0x00000074   Code   RO          916    i.CT_IIC_Send_Byte  ctiic.o
    0x08001b60   0x00000050   Code   RO          917    i.CT_IIC_Start      ctiic.o
    0x08001bb0   0x0000004c   Code   RO          918    i.CT_IIC_Stop       ctiic.o
    0x08001bfc   0x0000006c   Code   RO          919    i.CT_IIC_Wait_Ack   ctiic.o
    0x08001c68   0x00000044   Code   RO         1493    i.Cal_CRC           crc16.o
    0x08001cac   0x000002d0   Code   RO            2    i.Calibration_menu  main.o
    0x08001f7c   0x000003f8   Code   RO         1395    i.DataProcess       serial.o
    0x08002374   0x00000158   Code   RO            3    i.Data_Fullmenu     main.o
    0x080024cc   0x00000002   Code   RO          355    i.DebugMon_Handler  stm32f10x_it.o
    0x080024ce   0x00000002   PAD
    0x080024d0   0x00000238   Code   RO            4    i.Erase_Waring      main.o
    0x08002708   0x00000034   Code   RO         1799    i.FSMC_NORSRAMCmd   stm32f10x_fsmc.o
    0x0800273c   0x000000e0   Code   RO         1801    i.FSMC_NORSRAMInit  stm32f10x_fsmc.o
    0x0800281c   0x00000100   Code   RO         1292    i.FT5206_Init       ft5206.o
    0x0800291c   0x00000058   Code   RO         1293    i.FT5206_RD_Reg     ft5206.o
    0x08002974   0x00000144   Code   RO         1294    i.FT5206_Scan       ft5206.o
    0x08002ab8   0x00000052   Code   RO         1296    i.FT5206_WR_Reg     ft5206.o
    0x08002b0a   0x00000002   PAD
    0x08002b0c   0x00000054   Code   RO          441    i.GPIO_Configuration  setup.o
    0x08002b60   0x00000112   Code   RO         1914    i.GPIO_Init         stm32f10x_gpio.o
    0x08002c72   0x00000004   Code   RO         1921    i.GPIO_ResetBits    stm32f10x_gpio.o
    0x08002c76   0x00000004   Code   RO         1922    i.GPIO_SetBits      stm32f10x_gpio.o
    0x08002c7a   0x00000002   PAD
    0x08002c7c   0x00000084   Code   RO          971    i.GUI_LoadLine      lcd.o
    0x08002d00   0x00000038   Code   RO          972    i.GUI_LoadPic       lcd.o
    0x08002d38   0x00000020   Code   RO          973    i.GUI_Point         lcd.o
    0x08002d58   0x00000014   Code   RO          974    i.GUI_SetColor      lcd.o
    0x08002d6c   0x00000044   Code   RO          442    i.Get_Adc           setup.o
    0x08002db0   0x0000002a   Code   RO          443    i.Get_Adc_Average   setup.o
    0x08002dda   0x00000004   Code   RO          356    i.HardFault_Handler  stm32f10x_it.o
    0x08002dde   0x00000002   PAD
    0x08002de0   0x00000050   Code   RO         1341    i.IIC_Ack           myiic.o
    0x08002e30   0x0000003c   Code   RO         1342    i.IIC_Init          myiic.o
    0x08002e6c   0x0000004c   Code   RO         1343    i.IIC_NAck          myiic.o
    0x08002eb8   0x00000074   Code   RO         1344    i.IIC_Read_Byte     myiic.o
    0x08002f2c   0x00000078   Code   RO         1345    i.IIC_Send_Byte     myiic.o
    0x08002fa4   0x0000004c   Code   RO         1346    i.IIC_Start         myiic.o
    0x08002ff0   0x0000004c   Code   RO         1347    i.IIC_Stop          myiic.o
    0x0800303c   0x00000068   Code   RO         1348    i.IIC_Wait_Ack      myiic.o
    0x080030a4   0x00000020   Code   RO          444    i.InitHardware      setup.o
    0x080030c4   0x0000003a   Code   RO          780    i.Is_Leap_Year      rtc.o
    0x080030fe   0x00000002   PAD
    0x08003100   0x00000478   Code   RO            5    i.JianPan_Displayfu  main.o
    0x08003578   0x00000054   Code   RO          977    i.LCD_BackLightSet  lcd.o
    0x080035cc   0x0000002c   Code   RO          978    i.LCD_Clear         lcd.o
    0x080035f8   0x000000ec   Code   RO          445    i.LCD_CtrlLinesConfig  setup.o
    0x080036e4   0x00000050   Code   RO          982    i.LCD_Display_Dir   lcd.o
    0x08003734   0x000000b0   Code   RO          983    i.LCD_DrawLine      lcd.o
    0x080037e4   0x00000024   Code   RO          984    i.LCD_DrawPoint     lcd.o
    0x08003808   0x0000003c   Code   RO          985    i.LCD_DrawRectangle  lcd.o
    0x08003844   0x0000006e   Code   RO          446    i.LCD_FSMCConfig    setup.o
    0x080038b2   0x00000002   PAD
    0x080038b4   0x00000054   Code   RO          988    i.LCD_Fill          lcd.o
    0x08003908   0x000001f0   Code   RO          989    i.LCD_Init          lcd.o
    0x08003af8   0x00000016   Code   RO          990    i.LCD_Pow           lcd.o
    0x08003b0e   0x00000002   PAD
    0x08003b10   0x0000000c   Code   RO          991    i.LCD_RD_DATA       lcd.o
    0x08003b1c   0x00000118   Code   RO          994    i.LCD_Scan_Dir      lcd.o
    0x08003c34   0x0000009c   Code   RO          995    i.LCD_SetCursor     lcd.o
    0x08003cd0   0x000001b8   Code   RO          999    i.LCD_ShowChar      lcd.o
    0x08003e88   0x00000094   Code   RO         1000    i.LCD_ShowNum       lcd.o
    0x08003f1c   0x00000066   Code   RO         1001    i.LCD_ShowString    lcd.o
    0x08003f82   0x000000be   Code   RO         1002    i.LCD_ShowxNum      lcd.o
    0x08004040   0x0000000c   Code   RO         1003    i.LCD_WR_DATA       lcd.o
    0x0800404c   0x0000000c   Code   RO         1004    i.LCD_WR_REG        lcd.o
    0x08004058   0x00000014   Code   RO         1006    i.LCD_WriteRAM_Prepare  lcd.o
    0x0800406c   0x00000010   Code   RO         1007    i.LCD_WriteReg      lcd.o
    0x0800407c   0x00000028   Code   RO         1297    i.Loosen_Lcd        ft5206.o
    0x080040a4   0x00000080   Code   RO          447    i.MY_NVIC_Init      setup.o
    0x08004124   0x00000028   Code   RO          448    i.MY_NVIC_PriorityGroupConfig  setup.o
    0x0800414c   0x00000004   Code   RO          357    i.MemManage_Handler  stm32f10x_it.o
    0x08004150   0x00000002   Code   RO          358    i.NMI_Handler       stm32f10x_it.o
    0x08004152   0x00000002   PAD
    0x08004154   0x00000074   Code   RO         1530    i.NVIC_Init         misc.o
    0x080041c8   0x000004f8   Code   RO            6    i.No_LoadTest_orclearMenu  main.o
    0x080046c0   0x0000000c   Code   RO         3082    i.PWR_BackupAccessCmd  stm32f10x_pwr.o
    0x080046cc   0x0000005c   Code   RO          864    i.P_WriteData       printer.o
    0x08004728   0x00000002   Code   RO          359    i.PendSV_Handler    stm32f10x_it.o
    0x0800472a   0x00000002   PAD
    0x0800472c   0x00000508   Code   RO            7    i.PrintReport       main.o
    0x08004c34   0x0000001c   Code   RO          865    i.PrintStr          printer.o
    0x08004c50   0x00000026   Code   RO          866    i.PrintStrNnum      printer.o
    0x08004c76   0x00000002   PAD
    0x08004c78   0x0000009c   Code   RO          867    i.Printer_Init      printer.o
    0x08004d14   0x000004c4   Code   RO         1008    i.Put_AnJian        lcd.o
    0x080051d8   0x00000020   Code   RO         2023    i.RCC_AHBPeriphClockCmd  stm32f10x_rcc.o
    0x080051f8   0x00000020   Code   RO         2024    i.RCC_APB1PeriphClockCmd  stm32f10x_rcc.o
    0x08005218   0x00000020   Code   RO         2026    i.RCC_APB2PeriphClockCmd  stm32f10x_rcc.o
    0x08005238   0x0000000c   Code   RO         2029    i.RCC_BackupResetCmd  stm32f10x_rcc.o
    0x08005244   0x00000028   Code   RO          450    i.RCC_Configuration  setup.o
    0x0800526c   0x000000d4   Code   RO         2034    i.RCC_GetClocksFreq  stm32f10x_rcc.o
    0x08005340   0x0000003c   Code   RO         2035    i.RCC_GetFlagStatus  stm32f10x_rcc.o
    0x0800537c   0x00000034   Code   RO         2042    i.RCC_LSEConfig     stm32f10x_rcc.o
    0x080053b0   0x0000000c   Code   RO         2049    i.RCC_RTCCLKCmd     stm32f10x_rcc.o
    0x080053bc   0x00000010   Code   RO         2050    i.RCC_RTCCLKConfig  stm32f10x_rcc.o
    0x080053cc   0x00000014   Code   RO         2916    i.RTC_EnterConfigMode  stm32f10x_rtc.o
    0x080053e0   0x00000014   Code   RO         2917    i.RTC_ExitConfigMode  stm32f10x_rtc.o
    0x080053f4   0x00000108   Code   RO          781    i.RTC_Get           rtc.o
    0x080054fc   0x00000078   Code   RO          782    i.RTC_Get_Week      rtc.o
    0x08005574   0x00000048   Code   RO          783    i.RTC_IRQHandler    rtc.o
    0x080055bc   0x00000020   Code   RO         2922    i.RTC_ITConfig      stm32f10x_rtc.o
    0x080055dc   0x000000c8   Code   RO          784    i.RTC_Init          rtc.o
    0x080056a4   0x00000110   Code   RO          785    i.RTC_Set           rtc.o
    0x080057b4   0x00000020   Code   RO         2925    i.RTC_SetPrescaler  stm32f10x_rtc.o
    0x080057d4   0x00000014   Code   RO         2926    i.RTC_WaitForLastTask  stm32f10x_rtc.o
    0x080057e8   0x00000020   Code   RO         2927    i.RTC_WaitForSynchro  stm32f10x_rtc.o
    0x08005808   0x00000054   Code   RO         1396    i.ReceiveByte_USART2  serial.o
    0x0800585c   0x000000c8   Code   RO          729    i.SPI1_Init         spi.o
    0x08005924   0x00000048   Code   RO          730    i.SPI1_ReadWriteByte  spi.o
    0x0800596c   0x00000084   Code   RO          732    i.SPI2_Init         spi.o
    0x080059f0   0x00000054   Code   RO          733    i.SPI2_ReadWriteByte  spi.o
    0x08005a44   0x00000028   Code   RO          734    i.SPI2_SetSpeed     spi.o
    0x08005a6c   0x00000034   Code   RO          830    i.SPI_AD8341_Init   ads8341.o
    0x08005aa0   0x00000018   Code   RO         2775    i.SPI_Cmd           stm32f10x_spi.o
    0x08005ab8   0x00000024   Code   RO          619    i.SPI_FLASH_Write_Enable  flash.o
    0x08005adc   0x00000048   Code   RO          622    i.SPI_Flash_Erase_Sector  flash.o
    0x08005b24   0x00000038   Code   RO          623    i.SPI_Flash_Init    flash.o
    0x08005b5c   0x00000054   Code   RO          625    i.SPI_Flash_Read    flash.o
    0x08005bb0   0x00000030   Code   RO          627    i.SPI_Flash_ReadSR  flash.o
    0x08005be0   0x00000010   Code   RO          629    i.SPI_Flash_Wait_Busy  flash.o
    0x08005bf0   0x000000b4   Code   RO          630    i.SPI_Flash_Write   flash.o
    0x08005ca4   0x00000046   Code   RO          631    i.SPI_Flash_Write_NoCheck  flash.o
    0x08005cea   0x00000002   PAD
    0x08005cec   0x00000058   Code   RO          632    i.SPI_Flash_Write_Page  flash.o
    0x08005d44   0x00000012   Code   RO         2783    i.SPI_I2S_GetFlagStatus  stm32f10x_spi.o
    0x08005d56   0x00000006   Code   RO         2786    i.SPI_I2S_ReceiveData  stm32f10x_spi.o
    0x08005d5c   0x00000004   Code   RO         2787    i.SPI_I2S_SendData  stm32f10x_spi.o
    0x08005d60   0x0000003c   Code   RO         2788    i.SPI_Init          stm32f10x_spi.o
    0x08005d9c   0x00000002   Code   RO          360    i.SVC_Handler       stm32f10x_it.o
    0x08005d9e   0x00000002   PAD
    0x08005da0   0x000003dc   Code   RO            8    i.ScanKeyBoard      main.o
    0x0800617c   0x00000060   Code   RO         1397    i.SendByte_USART2   serial.o
    0x080061dc   0x00000030   Code   RO         1398    i.SendFirstByte_USART2  serial.o
    0x0800620c   0x000000e4   Code   RO         1399    i.Sendout_uart1_CLJ260  serial.o
    0x080062f0   0x00000080   Code   RO         1400    i.Sendout_uart1_Flowmeter  serial.o
    0x08006370   0x00000008   Code   RO         3333    i.SetSysClock       system_stm32f10x.o
    0x08006378   0x000000dc   Code   RO         3334    i.SetSysClockTo72   system_stm32f10x.o
    0x08006454   0x00000304   Code   RO            9    i.Show_Excel        main.o
    0x08006758   0x00000174   Code   RO         1009    i.Show_GB16         lcd.o
    0x080068cc   0x00000188   Code   RO         1010    i.Show_GB24         lcd.o
    0x08006a54   0x00000174   Code   RO         1011    i.Show_GB32         lcd.o
    0x08006bc8   0x000000f2   Code   RO         1012    i.Show_Str          lcd.o
    0x08006cba   0x00000002   Code   RO          361    i.SysTick_Handler   stm32f10x_it.o
    0x08006cbc   0x00000060   Code   RO         3336    i.SystemInit        system_stm32f10x.o
    0x08006d1c   0x000000e8   Code   RO          362    i.TIM4_IRQHandler   stm32f10x_it.o
    0x08006e04   0x00000064   Code   RO          452    i.TIM4_Int_Init     setup.o
    0x08006e68   0x00000006   Code   RO         2233    i.TIM_ClearITPendingBit  stm32f10x_tim.o
    0x08006e6e   0x00000018   Code   RO         2238    i.TIM_Cmd           stm32f10x_tim.o
    0x08006e86   0x00000022   Code   RO         2259    i.TIM_GetITStatus   stm32f10x_tim.o
    0x08006ea8   0x00000012   Code   RO         2263    i.TIM_ITConfig      stm32f10x_tim.o
    0x08006eba   0x00000002   PAD
    0x08006ebc   0x000000a4   Code   RO         2309    i.TIM_TimeBaseInit  stm32f10x_tim.o
    0x08006f60   0x00000184   Code   RO           10    i.Test_DataSave     main.o
    0x080070e4   0x00000194   Code   RO           11    i.Test_Function     main.o
    0x08007278   0x0000003c   Code   RO          363    i.USART2_IRQHandler  stm32f10x_it.o
    0x080072b4   0x00000044   Code   RO         1401    i.USART2_Rece       serial.o
    0x080072f8   0x00000030   Code   RO         1402    i.USART2_Send       serial.o
    0x08007328   0x0000001e   Code   RO         3143    i.USART_ClearITPendingBit  stm32f10x_usart.o
    0x08007346   0x00000018   Code   RO         3146    i.USART_Cmd         stm32f10x_usart.o
    0x0800735e   0x0000000c   Code   RO         1403    i.USART_Com         serial.o
    0x0800736a   0x00000002   PAD
    0x0800736c   0x00000094   Code   RO          453    i.USART_Configuration  setup.o
    0x08007400   0x00000054   Code   RO         3150    i.USART_GetITStatus  stm32f10x_usart.o
    0x08007454   0x0000004a   Code   RO         3152    i.USART_ITConfig    stm32f10x_usart.o
    0x0800749e   0x00000002   PAD
    0x080074a0   0x000000d8   Code   RO         3153    i.USART_Init        stm32f10x_usart.o
    0x08007578   0x0000000a   Code   RO         3160    i.USART_ReceiveData  stm32f10x_usart.o
    0x08007582   0x00000008   Code   RO         3163    i.USART_SendData    stm32f10x_usart.o
    0x0800758a   0x00000004   Code   RO          364    i.UsageFault_Handler  stm32f10x_it.o
    0x0800758e   0x00000002   PAD
    0x08007590   0x000001b0   Code   RO         1404    i.ZD_Port           serial.o
    0x08007740   0x00000028   Code   RO         3614    i.__0sprintf        mc_w.l(printfa.o)
    0x08007768   0x0000000e   Code   RO         3707    i.__scatterload_copy  mc_w.l(handlers.o)
    0x08007776   0x00000002   Code   RO         3708    i.__scatterload_null  mc_w.l(handlers.o)
    0x08007778   0x0000000e   Code   RO         3709    i.__scatterload_zeroinit  mc_w.l(handlers.o)
    0x08007786   0x00000002   PAD
    0x08007788   0x0000015c   Code   RO         3619    i._fp_digits        mc_w.l(printfa.o)
    0x080078e4   0x000006f0   Code   RO         3620    i._printf_core      mc_w.l(printfa.o)
    0x08007fd4   0x00000026   Code   RO         3621    i._printf_post_padding  mc_w.l(printfa.o)
    0x08007ffa   0x00000030   Code   RO         3622    i._printf_pre_padding  mc_w.l(printfa.o)
    0x0800802a   0x0000000a   Code   RO         3624    i._sputc            mc_w.l(printfa.o)
    0x08008034   0x0000001e   Code   RO          565    i.delay1ms          24cxx.o
    0x08008052   0x0000001a   Code   RO          454    i.delay_ms          setup.o
    0x0800806c   0x00000018   Code   RO          455    i.delay_us          setup.o
    0x08008084   0x0000001c   Code   RO          868    i.delayms           printer.o
    0x080080a0   0x000002c8   Code   RO           13    i.display_Dust      main.o
    0x08008368   0x000000d8   Code   RO           14    i.display_Flow      main.o
    0x08008440   0x000000ac   Code   RO           15    i.display_press     main.o
    0x080084ec   0x00000118   Code   RO           16    i.display_time      main.o
    0x08008604   0x00000024   Code   RO         1015    i.gui_draw_hline    lcd.o
    0x08008628   0x00000024   Code   RO         1016    i.gui_draw_vline    lcd.o
    0x0800864c   0x000000b0   Code   RO         1017    i.gui_fill_circle   lcd.o
    0x080086fc   0x000005d4   Code   RO           17    i.key_function      main.o
    0x08008cd0   0x000000ae   Code   RO         1018    i.lcd_draw_bline    lcd.o
    0x08008d7e   0x00000002   PAD
    0x08008d80   0x000001b0   Code   RO           18    i.main              main.o
    0x08008f30   0x0000067c   Code   RO           19    i.menu1             main.o
    0x080095ac   0x0000020c   Code   RO           20    i.menu_FlowError    main.o
    0x080097b8   0x000005c4   Code   RO           21    i.menu_datacheck    main.o
    0x08009d7c   0x000004f4   Code   RO           22    i.menu_datacheck_key  main.o
    0x0800a270   0x00000484   Code   RO           23    i.menu_help         main.o
    0x0800a6f4   0x00000430   Code   RO           24    i.menu_password     main.o
    0x0800ab24   0x00000218   Code   RO           25    i.menu_pressError   main.o
    0x0800ad3c   0x000008b4   Code   RO           26    i.menu_setkeyboard  main.o
    0x0800b5f0   0x0000044c   Code   RO           27    i.menu_setting      main.o
    0x0800ba3c   0x000006fc   Code   RO           28    i.menu_setting_key  main.o
    0x0800c138   0x0000016c   Code   RO           29    i.menu_start        main.o
    0x0800c2a4   0x000000a0   Code   RO           30    i.menu_start_keytest  main.o
    0x0800c344   0x00000384   Code   RO           31    i.menu_warning_keycheck  main.o
    0x0800c6c8   0x00000164   Code   RO           32    i.menu_warning_press  main.o
    0x0800c82c   0x00000088   Code   RO          869    i.pprint            printer.o
    0x0800c8b4   0x00000024   Code   RO           34    i.speekers          main.o
    0x0800c8d8   0x00000dc1   Data   RO          771    .constdata          picture.o
    0x0800d699   0x00000018   Data   RO          787    .constdata          rtc.o
    0x0800d6b1   0x00006e5e   Data   RO         1020    .constdata          lcd.o
    0x0801450f   0x00000001   PAD
    0x08014510   0x0000000a   Data   RO         1298    .constdata          ft5206.o
    0x0801451a   0x00000200   Data   RO         1497    .constdata          crc16.o
    0x0801471a   0x00000002   PAD
    0x0801471c   0x00000020   Data   RO         3705    Region$$Table       anon$$obj.o


    Execution Region RW_IRAM1 (Base: 0x20000000, Size: 0x000047a0, Max: 0x00010000, ABSOLUTE)

    Base Addr    Size         Type   Attr      Idx    E Section Name        Object

    0x20000000   0x0000008c   Data   RW           36    .data               main.o
    0x2000008c   0x0000000c   Data   RW          365    .data               stm32f10x_it.o
    0x20000098   0x00000002   Data   RW          788    .data               rtc.o
    0x2000009a   0x00000001   Data   RW          870    .data               printer.o
    0x2000009b   0x00000001   PAD
    0x2000009c   0x0000000e   Data   RW         1021    .data               lcd.o
    0x200000aa   0x00000002   PAD
    0x200000ac   0x00000021   Data   RW         1299    .data               ft5206.o
    0x200000cd   0x00000002   Data   RW         1498    .data               crc16.o
    0x200000cf   0x00000014   Data   RW         2054    .data               stm32f10x_rcc.o
    0x200000e3   0x00000001   PAD
    0x200000e4   0x0000001a   Zero   RW           35    .bss                main.o
    0x200000fe   0x00001000   Zero   RW          633    .bss                flash.o
    0x200010fe   0x0000000a   Zero   RW          786    .bss                rtc.o
    0x20001108   0x0000000e   Zero   RW         1019    .bss                lcd.o
    0x20001116   0x00000002   PAD
    0x20001118   0x00000686   Zero   RW         1407    .bss                serial.o
    0x2000179e   0x00000002   PAD
    0x200017a0   0x00003000   Zero   RW         3367    STACK               startup_stm32f10x_hd.o


==============================================================================

Image component sizes


      Code (inc. data)   RO Data    RW Data    ZI Data      Debug   Object Name

       322          0          0          0          0       4250   24cxx.o
        52          4          0          0          0        530   ads8341.o
         0          0          0          0          0         32   core_cm3.o
        68         18        512          2          0       1327   crc16.o
       760        124          0          0          0       4338   ctiic.o
       650         46          0          0       4096       6075   flash.o
       790         38         10         33          0       4658   ft5206.o
      6950        222      28254         14         14      28330   lcd.o
     27952       3598          0        140         26     298247   main.o
       116         14          0          0          0        992   misc.o
       708        116          0          0          0       4210   myiic.o
         0          0       3521          0          0        718   picture.o
       478         56          0          1          0       3528   printer.o
       986         62         24          2         10       5146   rtc.o
      2160        204          0          0       1670       8853   serial.o
      1422        106          0          0          0       7903   setup.o
       528         42          0          0          0       2922   spi.o
        36          8        304          0      12288        816   startup_stm32f10x_hd.o
        72         10          0          0          0       2632   stm32f10x_bkp.o
       276          6          0          0          0       1777   stm32f10x_fsmc.o
       282          0          0          0          0       2980   stm32f10x_gpio.o
       318         38          0         12          0       7784   stm32f10x_it.o
        12          6          0          0          0        502   stm32f10x_pwr.o
       460         66          0         20          0       7622   stm32f10x_rcc.o
       156         32          0          0          0       2940   stm32f10x_rtc.o
       112          0          0          0          0       3746   stm32f10x_spi.o
       246         42          0          0          0       3478   stm32f10x_tim.o
       446          6          0          0          0       6053   stm32f10x_usart.o
       324         26          0          0          0       1949   system_stm32f10x.o

    ----------------------------------------------------------------------
     46716       4890      32660        228      18108     424338   Object Totals
         0          0         32          0          0          0   (incl. Generated)
        34          0          3          4          4          0   (incl. Padding)

    ----------------------------------------------------------------------

      Code (inc. data)   RO Data    RW Data    ZI Data      Debug   Library Member Name

         0          0          0          0          0          0   entry.o
         0          0          0          0          0          0   entry10a.o
         0          0          0          0          0          0   entry11a.o
         8          4          0          0          0          0   entry2.o
         4          0          0          0          0          0   entry5.o
         0          0          0          0          0          0   entry7b.o
         0          0          0          0          0          0   entry8b.o
         8          4          0          0          0          0   entry9a.o
        30          0          0          0          0          0   handlers.o
        36          8          0          0          0         68   init.o
         0          0          0          0          0          0   iusefp.o
        30          0          0          0          0         68   llshl.o
        36          0          0          0          0         68   llsshr.o
        32          0          0          0          0         68   llushr.o
      2260         86          0          0          0        512   printfa.o
        44          0          0          0          0         80   uidiv.o
        98          0          0          0          0         92   uldiv.o
        40          2          0          0          0         68   cdrcmple.o
        20          0          0          0          0         68   cfcmple.o
        20          0          0          0          0         68   cfrcmple.o
       334          0          0          0          0        144   dadd.o
       222          0          0          0          0        100   ddiv.o
       190          0          0          0          0        176   depilogue.o
        50          0          0          0          0         76   dfixui.o
        48          0          0          0          0         68   dfixul.o
        26          0          0          0          0         76   dfltui.o
       228          0          0          0          0         92   dmul.o
        38          0          0          0          0         68   f2d.o
       176          0          0          0          0        140   fadd.o
       128          0          0          0          0         88   fdiv.o
       108          0          0          0          0        168   fepilogue.o
        40          0          0          0          0         68   ffixui.o
        18          0          0          0          0         68   fflti.o
        10          0          0          0          0         68   ffltui.o
       108          0          0          0          0         76   fmul.o

    ----------------------------------------------------------------------
      4396        104          0          0          0       2636   Library Totals
         6          0          0          0          0          0   (incl. Padding)

    ----------------------------------------------------------------------

      Code (inc. data)   RO Data    RW Data    ZI Data      Debug   Library Name

      2586        102          0          0          0        956   mc_w.l
      1804          2          0          0          0       1680   mf_w.l

    ----------------------------------------------------------------------
      4396        104          0          0          0       2636   Library Totals

    ----------------------------------------------------------------------

==============================================================================


      Code (inc. data)   RO Data    RW Data    ZI Data      Debug   

     51112       4994      32660        228      18108     415274   Grand Totals
     51112       4994      32660        228      18108     415274   ELF Image Totals
     51112       4994      32660        228          0          0   ROM Totals

==============================================================================

    Total RO  Size (Code + RO Data)                83772 (  81.81kB)
    Total RW  Size (RW Data + ZI Data)             18336 (  17.91kB)
    Total ROM Size (Code + RO Data + RW Data)      84000 (  82.03kB)

==============================================================================

